Component: ARM Compiler 5.06 (build 20) Tool: armlink [4d35a3]

==============================================================================

Section Cross References

    main.o(i.EXTI0_IRQHandler) refers to stm32f4xx_exti.o(i.EXTI_GetITStatus) for EXTI_GetITStatus
    main.o(i.EXTI0_IRQHandler) refers to stm32f4xx_exti.o(i.EXTI_ClearITPendingBit) for EXTI_ClearITPendingBit
    main.o(i.EXTI0_IRQHandler) refers to main.o(.data) for back
    main.o(i.EXTI15_10_IRQHandler) refers to stm32f4xx_exti.o(i.EXTI_GetITStatus) for EXTI_GetITStatus
    main.o(i.EXTI15_10_IRQHandler) refers to stm32f4xx_gpio.o(i.GPIO_WriteBit) for GPIO_WriteBit
    main.o(i.EXTI15_10_IRQHandler) refers to rt_cmsis.o(i.osSignalSet) for osSignalSet
    main.o(i.EXTI15_10_IRQHandler) refers to stm32f4xx_exti.o(i.EXTI_ClearITPendingBit) for EXTI_ClearITPendingBit
    main.o(i.EXTI15_10_IRQHandler) refers to main.o(.data) for room1
    main.o(i.USART6_IRQHandler) refers to stm32f4xx_usart.o(i.USART_GetITStatus) for USART_GetITStatus
    main.o(i.USART6_IRQHandler) refers to strcmpv7m.o(.text) for strcmp
    main.o(i.USART6_IRQHandler) refers to strcpy.o(.text) for strcpy
    main.o(i.USART6_IRQHandler) refers to strstr.o(.text) for strstr
    main.o(i.USART6_IRQHandler) refers to main.o(i.USART_puts) for USART_puts
    main.o(i.USART6_IRQHandler) refers to rt_cmsis.o(i.osSignalSet) for osSignalSet
    main.o(i.USART6_IRQHandler) refers to main.o(.data) for cnt
    main.o(i.USART6_IRQHandler) refers to main.o(.bss) for received_str
    main.o(i.USART_puts) refers to stm32f4xx_usart.o(i.USART_GetFlagStatus) for USART_GetFlagStatus
    main.o(i.USART_puts) refers to stm32f4xx_usart.o(i.USART_SendData) for USART_SendData
    main.o(i.automation_thread) refers to rt_cmsis.o(i.osSignalWait) for osSignalWait
    main.o(i.automation_thread) refers to stm32f4xx_gpio.o(i.GPIO_WriteBit) for GPIO_WriteBit
    main.o(i.automation_thread) refers to rt_cmsis.o(i.osSignalClear) for osSignalClear
    main.o(i.automation_thread) refers to main.o(.data) for room1
    main.o(i.button) refers to stm32f4_discovery_lcd.o(i.LCD_SetFont) for LCD_SetFont
    main.o(i.button) refers to stm32f4_discovery_lcd.o(i.LCD_SetColors) for LCD_SetColors
    main.o(i.button) refers to stm32f4_discovery_lcd.o(i.LCD_DrawFullRect) for LCD_DrawFullRect
    main.o(i.button) refers to stm32f4_discovery_lcd.o(i.LCD_SetTextColor) for LCD_SetTextColor
    main.o(i.button) refers to stm32f4_discovery_lcd.o(i.LCD_DrawRect) for LCD_DrawRect
    main.o(i.button) refers to main.o(i.draw_caption) for draw_caption
    main.o(i.button) refers to stm32f4_discovery_lcd.o(.data) for Font16x24
    main.o(i.button) refers to main.o(.data) for def_theme
    main.o(i.change_theme) refers to stm32f4_discovery_lcd.o(i.LCD_SetBackColor) for LCD_SetBackColor
    main.o(i.change_theme) refers to stm32f4_discovery_lcd.o(i.LCD_DrawFullRect) for LCD_DrawFullRect
    main.o(i.change_theme) refers to main.o(i.draw_date_time_bar) for draw_date_time_bar
    main.o(i.change_theme) refers to main.o(i.draw_status_bar) for draw_status_bar
    main.o(i.change_theme) refers to main.o(.data) for def_theme
    main.o(i.check_joy) refers to rt_cmsis.o(i.osDelay) for osDelay
    main.o(i.debug_line) refers to stm32f4_discovery_lcd.o(i.LCD_SetFont) for LCD_SetFont
    main.o(i.debug_line) refers to stm32f4_discovery_lcd.o(i.LCD_GetFont) for LCD_GetFont
    main.o(i.debug_line) refers to stm32f4_discovery_lcd.o(i.LCD_DisplayStringLine) for LCD_DisplayStringLine
    main.o(i.debug_line) refers to stm32f4_discovery_lcd.o(.data) for Font16x24
    main.o(i.draw_caption) refers to stm32f4_discovery_lcd.o(i.LCD_SetFont) for LCD_SetFont
    main.o(i.draw_caption) refers to stm32f4_discovery_lcd.o(i.LCD_GetFont) for LCD_GetFont
    main.o(i.draw_caption) refers to stm32f4_discovery_lcd.o(i.LCD_DisplayChar) for LCD_DisplayChar
    main.o(i.draw_caption) refers to stm32f4_discovery_lcd.o(.data) for Font16x24
    main.o(i.draw_date_time_bar) refers to _printf_pad.o(.text) for _printf_pre_padding
    main.o(i.draw_date_time_bar) refers to _printf_percent.o(.ARM.Collect$$_printf_percent$$00000000) for _printf_percent
    main.o(i.draw_date_time_bar) refers to _printf_d.o(.ARM.Collect$$_printf_percent$$00000009) for _printf_d
    main.o(i.draw_date_time_bar) refers to _printf_s.o(.ARM.Collect$$_printf_percent$$00000014) for _printf_s
    main.o(i.draw_date_time_bar) refers to _printf_dec.o(.text) for _printf_int_dec
    main.o(i.draw_date_time_bar) refers to _printf_str.o(.text) for _printf_str
    main.o(i.draw_date_time_bar) refers to stm32f4_discovery_lcd.o(i.LCD_SetFont) for LCD_SetFont
    main.o(i.draw_date_time_bar) refers to stm32f4_discovery_lcd.o(i.LCD_SetColors) for LCD_SetColors
    main.o(i.draw_date_time_bar) refers to main.o(i.get_day) for get_day
    main.o(i.draw_date_time_bar) refers to noretval__2sprintf.o(.text) for __2sprintf
[...]
    __rt_lib_init_clock_1                    0x08000213   Thumb Code     0  libinit2.o(.ARM.Collect$$libinit$$00000021)
    __rt_lib_init_cpp_1                      0x08000213   Thumb Code     0  libinit2.o(.ARM.Collect$$libinit$$00000032)
    __rt_lib_init_exceptions_1               0x08000213   Thumb Code     0  libinit2.o(.ARM.Collect$$libinit$$00000030)
    __rt_lib_init_fp_trap_1                  0x08000213   Thumb Code     0  libinit2.o(.ARM.Collect$$libinit$$0000001F)
    __rt_lib_init_getenv_1                   0x08000213   Thumb Code     0  libinit2.o(.ARM.Collect$$libinit$$00000023)
    __rt_lib_init_heap_1                     0x08000213   Thumb Code     0  libinit2.o(.ARM.Collect$$libinit$$0000000A)
    __rt_lib_init_lc_collate_1               0x08000213   Thumb Code     0  libinit2.o(.ARM.Collect$$libinit$$00000011)
    __rt_lib_init_lc_ctype_1                 0x08000213   Thumb Code     0  libinit2.o(.ARM.Collect$$libinit$$00000013)
    __rt_lib_init_lc_monetary_1              0x08000213   Thumb Code     0  libinit2.o(.ARM.Collect$$libinit$$00000015)
    __rt_lib_init_lc_numeric_1               0x08000213   Thumb Code     0  libinit2.o(.ARM.Collect$$libinit$$00000017)
    __rt_lib_init_lc_time_1                  0x08000213   Thumb Code     0  libinit2.o(.ARM.Collect$$libinit$$00000019)
    __rt_lib_init_preinit_1                  0x08000213   Thumb Code     0  libinit2.o(.ARM.Collect$$libinit$$00000004)
    __rt_lib_init_rand_1                     0x08000213   Thumb Code     0  libinit2.o(.ARM.Collect$$libinit$$0000000E)
    __rt_lib_init_return                     0x08000213   Thumb Code     0  libinit2.o(.ARM.Collect$$libinit$$00000033)
    __rt_lib_init_signal_1                   0x08000213   Thumb Code     0  libinit2.o(.ARM.Collect$$libinit$$0000001D)
    __rt_lib_init_stdio_1                    0x08000213   Thumb Code     0  libinit2.o(.ARM.Collect$$libinit$$00000025)
    __rt_lib_init_user_alloc_1               0x08000213   Thumb Code     0  libinit2.o(.ARM.Collect$$libinit$$0000000C)
    __rt_lib_shutdown                        0x08000215   Thumb Code     0  libshutdown.o(.ARM.Collect$$libshutdown$$00000000)
    __rt_lib_shutdown_cpp_1                  0x08000217   Thumb Code     0  libshutdown2.o(.ARM.Collect$$libshutdown$$00000002)
    __rt_lib_shutdown_fp_trap_1              0x08000217   Thumb Code     0  libshutdown2.o(.ARM.Collect$$libshutdown$$00000007)
    __rt_lib_shutdown_heap_1                 0x08000217   Thumb Code     0  libshutdown2.o(.ARM.Collect$$libshutdown$$0000000F)
    __rt_lib_shutdown_return                 0x08000217   Thumb Code     0  libshutdown2.o(.ARM.Collect$$libshutdown$$00000010)
    __rt_lib_shutdown_signal_1               0x08000217   Thumb Code     0  libshutdown2.o(.ARM.Collect$$libshutdown$$0000000A)
    __rt_lib_shutdown_stdio_1                0x08000217   Thumb Code     0  libshutdown2.o(.ARM.Collect$$libshutdown$$00000004)
    __rt_lib_shutdown_user_alloc_1           0x08000217   Thumb Code     0  libshutdown2.o(.ARM.Collect$$libshutdown$$0000000C)
    __rt_entry                               0x08000219   Thumb Code     0  __rtentry.o(.ARM.Collect$$rtentry$$00000000)
    __rt_entry_presh_1                       0x08000219   Thumb Code     0  __rtentry2.o(.ARM.Collect$$rtentry$$00000002)
    __rt_entry_sh                            0x08000219   Thumb Code     0  __rtentry4.o(.ARM.Collect$$rtentry$$00000004)
    __rt_entry_li                            0x0800021f   Thumb Code     0  __rtentry2.o(.ARM.Collect$$rtentry$$0000000A)
    __rt_entry_postsh_1                      0x0800021f   Thumb Code     0  __rtentry2.o(.ARM.Collect$$rtentry$$00000009)
    __rt_entry_postli_1                      0x08000223   Thumb Code     0  __rtentry2.o(.ARM.Collect$$rtentry$$0000000B)
    __rt_entry_main                          0x0800022b   Thumb Code     0  __rtentry2.o(.ARM.Collect$$rtentry$$0000000D)
    __rt_exit                                0x08000233   Thumb Code     0  rtexit.o(.ARM.Collect$$rtexit$$00000000)
    __rt_exit_ls                             0x08000235   Thumb Code     0  rtexit2.o(.ARM.Collect$$rtexit$$00000003)
    __rt_exit_prels_1                        0x08000235   Thumb Code     0  rtexit2.o(.ARM.Collect$$rtexit$$00000002)
    __rt_exit_exit                           0x08000239   Thumb Code     0  rtexit2.o(.ARM.Collect$$rtexit$$00000004)
    _platform_post_lib_init                  0x08000241   Thumb Code    24  rtx_conf_cm.o(.emb_text)
    rt_set_PSP                               0x0800025d   Thumb Code     6  hal_cm4.o(.emb_text)
    rt_get_PSP                               0x08000263   Thumb Code     6  hal_cm4.o(.emb_text)
    os_set_env                               0x08000269   Thumb Code    24  hal_cm4.o(.emb_text)
    _alloc_box                               0x08000285   Thumb Code    28  hal_cm4.o(.emb_text)
    _free_box                                0x080002a5   Thumb Code    28  hal_cm4.o(.emb_text)
    SVC_Handler                              0x080002c5   Thumb Code   168  hal_cm4.o(.emb_text)
    PendSV_Handler                           0x0800037d   Thumb Code    96  hal_cm4.o(.emb_text)
    SysTick_Handler                          0x080003e1   Thumb Code     8  hal_cm4.o(.emb_text)
    OS_Tick_Handler                          0x080003e9   Thumb Code    12  hal_cm4.o(.emb_text)
    Reset_Handler                            0x080003f5   Thumb Code     8  startup_stm32f407xx.o(.text)
    NMI_Handler                              0x080003fd   Thumb Code     2  startup_stm32f407xx.o(.text)
    HardFault_Handler                        0x080003ff   Thumb Code     2  startup_stm32f407xx.o(.text)
    MemManage_Handler                        0x08000401   Thumb Code     2  startup_stm32f407xx.o(.text)
    BusFault_Handler                         0x08000403   Thumb Code     2  startup_stm32f407xx.o(.text)
    UsageFault_Handler                       0x08000405   Thumb Code     2  startup_stm32f407xx.o(.text)
    DebugMon_Handler                         0x08000409   Thumb Code     2  startup_stm32f407xx.o(.text)
    ADC_IRQHandler                           0x0800040f   Thumb Code     0  startup_stm32f407xx.o(.text)
    CAN1_RX0_IRQHandler                      0x0800040f   Thumb Code     0  startup_stm32f407xx.o(.text)
    CAN1_RX1_IRQHandler                      0x0800040f   Thumb Code     0  startup_stm32f407xx.o(.text)
    CAN1_SCE_IRQHandler                      0x0800040f   Thumb Code     0  startup_stm32f407xx.o(.text)
    CAN1_TX_IRQHandler                       0x0800040f   Thumb Code     0  startup_stm32f407xx.o(.text)
    CAN2_RX0_IRQHandler                      0x0800040f   Thumb Code     0  startup_stm32f407xx.o(.text)
    CAN2_RX1_IRQHandler                      0x0800040f   Thumb Code     0  startup_stm32f407xx.o(.text)
    CAN2_SCE_IRQHandler                      0x0800040f   Thumb Code     0  startup_stm32f407xx.o(.text)
    CAN2_TX_IRQHandler                       0x0800040f   Thumb Code     0  startup_stm32f407xx.o(.text)
    DCMI_IRQHandler                          0x0800040f   Thumb Code     0  startup_stm32f407xx.o(.text)
    DMA1_Stream0_IRQHandler                  0x0800040f   Thumb Code     0  startup_stm32f407xx.o(.text)
    DMA1_Stream1_IRQHandler                  0x0800040f   Thumb Code     0  startup_stm32f407xx.o(.text)
    DMA1_Stream2_IRQHandler                  0x0800040f   Thumb Code     0  startup_stm32f407xx.o(.text)
    DMA1_Stream3_IRQHandler                  0x0800040f   Thumb Code     0  startup_stm32f407xx.o(.text)
    DMA1_Stream4_IRQHandler                  0x0800040f   Thumb Code     0  startup_stm32f407xx.o(.text)
    DMA1_Stream5_IRQHandler                  0x0800040f   Thumb Code     0  startup_stm32f407xx.o(.text)
    DMA1_Stream6_IRQHandler                  0x0800040f   Thumb Code     0  startup_stm32f407xx.o(.text)
    DMA1_Stream7_IRQHandler                  0x0800040f   Thumb Code     0  startup_stm32f407xx.o(.text)
    DMA2_Stream0_IRQHandler                  0x0800040f   Thumb Code     0  startup_stm32f407xx.o(.text)
    DMA2_Stream1_IRQHandler                  0x0800040f   Thumb Code     0  startup_stm32f407xx.o(.text)
    DMA2_Stream2_IRQHandler                  0x0800040f   Thumb Code     0  startup_stm32f407xx.o(.text)
    DMA2_Stream3_IRQHandler                  0x0800040f   Thumb Code     0  startup_stm32f407xx.o(.text)
    DMA2_Stream4_IRQHandler                  0x0800040f   Thumb Code     0  startup_stm32f407xx.o(.text)
    DMA2_Stream5_IRQHandler                  0x0800040f   Thumb Code     0  startup_stm32f407xx.o(.text)
    DMA2_Stream6_IRQHandler                  0x0800040f   Thumb Code     0  startup_stm32f407xx.o(.text)
    DMA2_Stream7_IRQHandler                  0x0800040f   Thumb Code     0  startup_stm32f407xx.o(.text)
    ETH_IRQHandler                           0x0800040f   Thumb Code     0  startup_stm32f407xx.o(.text)
    ETH_WKUP_IRQHandler                      0x0800040f   Thumb Code     0  startup_stm32f407xx.o(.text)
    EXTI1_IRQHandler                         0x0800040f   Thumb Code     0  startup_stm32f407xx.o(.text)
    EXTI2_IRQHandler                         0x0800040f   Thumb Code     0  startup_stm32f407xx.o(.text)
    EXTI3_IRQHandler                         0x0800040f   Thumb Code     0  startup_stm32f407xx.o(.text)
    EXTI4_IRQHandler                         0x0800040f   Thumb Code     0  startup_stm32f407xx.o(.text)
    EXTI9_5_IRQHandler                       0x0800040f   Thumb Code     0  startup_stm32f407xx.o(.text)
    FLASH_IRQHandler                         0x0800040f   Thumb Code     0  startup_stm32f407xx.o(.text)
    FMC_IRQHandler                           0x0800040f   Thumb Code     0  startup_stm32f407xx.o(.text)
    FPU_IRQHandler                           0x0800040f   Thumb Code     0  startup_stm32f407xx.o(.text)
    HASH_RNG_IRQHandler                      0x0800040f   Thumb Code     0  startup_stm32f407xx.o(.text)
    I2C1_ER_IRQHandler                       0x0800040f   Thumb Code     0  startup_stm32f407xx.o(.text)
    I2C1_EV_IRQHandler                       0x0800040f   Thumb Code     0  startup_stm32f407xx.o(.text)
    I2C2_ER_IRQHandler                       0x0800040f   Thumb Code     0  startup_stm32f407xx.o(.text)
    I2C2_EV_IRQHandler                       0x0800040f   Thumb Code     0  startup_stm32f407xx.o(.text)
    I2C3_ER_IRQHandler                       0x0800040f   Thumb Code     0  startup_stm32f407xx.o(.text)
    I2C3_EV_IRQHandler                       0x0800040f   Thumb Code     0  startup_stm32f407xx.o(.text)
    OTG_FS_IRQHandler                        0x0800040f   Thumb Code     0  startup_stm32f407xx.o(.text)
    OTG_FS_WKUP_IRQHandler                   0x0800040f   Thumb Code     0  startup_stm32f407xx.o(.text)
    OTG_HS_EP1_IN_IRQHandler                 0x0800040f   Thumb Code     0  startup_stm32f407xx.o(.text)
    OTG_HS_EP1_OUT_IRQHandler                0x0800040f   Thumb Code     0  startup_stm32f407xx.o(.text)
    OTG_HS_IRQHandler                        0x0800040f   Thumb Code     0  startup_stm32f407xx.o(.text)
    OTG_HS_WKUP_IRQHandler                   0x0800040f   Thumb Code     0  startup_stm32f407xx.o(.text)
    PVD_IRQHandler                           0x0800040f   Thumb Code     0  startup_stm32f407xx.o(.text)
    RCC_IRQHandler                           0x0800040f   Thumb Code     0  startup_stm32f407xx.o(.text)
    RTC_Alarm_IRQHandler                     0x0800040f   Thumb Code     0  startup_stm32f407xx.o(.text)
    RTC_WKUP_IRQHandler                      0x0800040f   Thumb Code     0  startup_stm32f407xx.o(.text)
    SDIO_IRQHandler                          0x0800040f   Thumb Code     0  startup_stm32f407xx.o(.text)
    SPI1_IRQHandler                          0x0800040f   Thumb Code     0  startup_stm32f407xx.o(.text)
    SPI2_IRQHandler                          0x0800040f   Thumb Code     0  startup_stm32f407xx.o(.text)
    SPI3_IRQHandler                          0x0800040f   Thumb Code     0  startup_stm32f407xx.o(.text)
    TAMP_STAMP_IRQHandler                    0x0800040f   Thumb Code     0  startup_stm32f407xx.o(.text)
    TIM1_BRK_TIM9_IRQHandler                 0x0800040f   Thumb Code     0  startup_stm32f407xx.o(.text)
    TIM1_CC_IRQHandler                       0x0800040f   Thumb Code     0  startup_stm32f407xx.o(.text)
    TIM1_TRG_COM_TIM11_IRQHandler            0x0800040f   Thumb Code     0  startup_stm32f407xx.o(.text)
    TIM1_UP_TIM10_IRQHandler                 0x0800040f   Thumb Code     0  startup_stm32f407xx.o(.text)
    TIM2_IRQHandler                          0x0800040f   Thumb Code     0  startup_stm32f407xx.o(.text)
    TIM3_IRQHandler                          0x0800040f   Thumb Code     0  startup_stm32f407xx.o(.text)
    TIM4_IRQHandler                          0x0800040f   Thumb Code     0  startup_stm32f407xx.o(.text)
    TIM5_IRQHandler                          0x0800040f   Thumb Code     0  startup_stm32f407xx.o(.text)
    TIM6_DAC_IRQHandler                      0x0800040f   Thumb Code     0  startup_stm32f407xx.o(.text)
    TIM7_IRQHandler                          0x0800040f   Thumb Code     0  startup_stm32f407xx.o(.text)
    TIM8_BRK_TIM12_IRQHandler                0x0800040f   Thumb Code     0  startup_stm32f407xx.o(.text)
    TIM8_CC_IRQHandler                       0x0800040f   Thumb Code     0  startup_stm32f407xx.o(.text)
    TIM8_TRG_COM_TIM14_IRQHandler            0x0800040f   Thumb Code     0  startup_stm32f407xx.o(.text)
    TIM8_UP_TIM13_IRQHandler                 0x0800040f   Thumb Code     0  startup_stm32f407xx.o(.text)
    UART4_IRQHandler                         0x0800040f   Thumb Code     0  startup_stm32f407xx.o(.text)
    UART5_IRQHandler                         0x0800040f   Thumb Code     0  startup_stm32f407xx.o(.text)
    USART1_IRQHandler                        0x0800040f   Thumb Code     0  startup_stm32f407xx.o(.text)
    USART2_IRQHandler                        0x0800040f   Thumb Code     0  startup_stm32f407xx.o(.text)
    USART3_IRQHandler                        0x0800040f   Thumb Code     0  startup_stm32f407xx.o(.text)
    WWDG_IRQHandler                          0x0800040f   Thumb Code     0  startup_stm32f407xx.o(.text)
    __user_initial_stackheap                 0x08000411   Thumb Code     0  startup_stm32f407xx.o(.text)
    __user_libspace                          0x08000435   Thumb Code     8  libspace.o(.text)
    __user_perproc_libspace                  0x08000435   Thumb Code     0  libspace.o(.text)
    __aeabi_uldivmod                         0x0800043d   Thumb Code     0  lludivv7m.o(.text)
    _ll_udiv                                 0x0800043d   Thumb Code   238  lludivv7m.o(.text)
    __2sprintf                               0x0800052d   Thumb Code    34  noretval__2sprintf.o(.text)
    _printf_pre_padding                      0x08000555   Thumb Code    44  _printf_pad.o(.text)
    _printf_post_padding                     0x08000581   Thumb Code    34  _printf_pad.o(.text)
    _printf_str                              0x080005a3   Thumb Code    82  _printf_str.o(.text)
    _printf_int_dec                          0x080005f5   Thumb Code   104  _printf_dec.o(.text)
    __printf                                 0x0800066d   Thumb Code   308  __printf_flags_wp.o(.text)
    exit                                     0x080007a5   Thumb Code    18  exit.o(.text)
    strstr                                   0x080007b7   Thumb Code    36  strstr.o(.text)
    strcpy                                   0x080007db   Thumb Code    72  strcpy.o(.text)
    strlen                                   0x08000823   Thumb Code    62  strlen.o(.text)
    __aeabi_memcpy4                          0x08000861   Thumb Code     0  rt_memcpy_w.o(.text)
    __aeabi_memcpy8                          0x08000861   Thumb Code     0  rt_memcpy_w.o(.text)
    __rt_memcpy_w                            0x08000861   Thumb Code   100  rt_memcpy_w.o(.text)
    _memcpy_lastbytes_aligned                0x080008a9   Thumb Code     0  rt_memcpy_w.o(.text)
    strcmp                                   0x080008c5   Thumb Code   128  strcmpv7m.o(.text)
    __use_two_region_memory                  0x08000945   Thumb Code     2  heapauxi.o(.text)
    __rt_heap_escrow$2region                 0x08000947   Thumb Code     2  heapauxi.o(.text)
    __rt_heap_expand$2region                 0x08000949   Thumb Code     2  heapauxi.o(.text)
    _printf_int_common                       0x0800094b   Thumb Code   178  _printf_intcommon.o(.text)
    _printf_char_common                      0x08000a07   Thumb Code    32  _printf_char_common.o(.text)
    _sputc                                   0x08000a2d   Thumb Code    10  _sputc.o(.text)
    _printf_cs_common                        0x08000a37   Thumb Code    20  _printf_char.o(.text)
    _printf_char                             0x08000a4b   Thumb Code    16  _printf_char.o(.text)
    _printf_string                           0x08000a5b   Thumb Code     8  _printf_char.o(.text)
    _sys_exit                                0x08000a65   Thumb Code     8  sys_exit.o(.text)
    __user_setup_stackheap                   0x08000a71   Thumb Code    74  sys_stackheap_outer.o(.text)
    __I$use$semihosting                      0x08000abb   Thumb Code     0  use_no_semi.o(.text)
    __use_no_semihosting_swi                 0x08000abb   Thumb Code     2  use_no_semi.o(.text)
    SVC_Count                                0x08000abc   Data           4  svc_table.o(SVC_TABLE)
    __semihosting_library_function           0x08000abd   Thumb Code     0  indicate_semi.o(.text)
    ADC_Cmd                                  0x08000ac1   Thumb Code    22  stm32f4xx_adc.o(i.ADC_Cmd)
    SVC_Table                                0x08000ac0   Data           0  svc_table.o(SVC_TABLE)
    ADC_CommonInit                           0x08000ad9   Thumb Code    34  stm32f4xx_adc.o(i.ADC_CommonInit)
    ADC_CommonStructInit                     0x08000b09   Thumb Code    12  stm32f4xx_adc.o(i.ADC_CommonStructInit)
    ADC_GetConversionValue                   0x08000b15   Thumb Code     8  stm32f4xx_adc.o(i.ADC_GetConversionValue)
    ADC_GetFlagStatus                        0x08000b1d   Thumb Code    18  stm32f4xx_adc.o(i.ADC_GetFlagStatus)
    ADC_Init                                 0x08000b31   Thumb Code    74  stm32f4xx_adc.o(i.ADC_Init)
    ADC_RegularChannelConfig                 0x08000b85   Thumb Code   184  stm32f4xx_adc.o(i.ADC_RegularChannelConfig)
    ADC_SoftwareStartConv                    0x08000c3d   Thumb Code    10  stm32f4xx_adc.o(i.ADC_SoftwareStartConv)
    ADC_StructInit                           0x08000c47   Thumb Code    20  stm32f4xx_adc.o(i.ADC_StructInit)
    EXTI0_IRQHandler                         0x08000c5d   Thumb Code    30  main.o(i.EXTI0_IRQHandler)
    EXTI15_10_IRQHandler                     0x08000c81   Thumb Code    84  main.o(i.EXTI15_10_IRQHandler)
    EXTI_ClearITPendingBit                   0x08000ce1   Thumb Code     6  stm32f4xx_exti.o(i.EXTI_ClearITPendingBit)
    EXTI_GetITStatus                         0x08000ced   Thumb Code    34  stm32f4xx_exti.o(i.EXTI_GetITStatus)
    EXTI_Init                                0x08000d15   Thumb Code   142  stm32f4xx_exti.o(i.EXTI_Init)
    FSMC_NORSRAMCmd                          0x08000da9   Thumb Code    46  stm32f4xx_fsmc.o(i.FSMC_NORSRAMCmd)
    FSMC_NORSRAMInit                         0x08000ddd   Thumb Code   230  stm32f4xx_fsmc.o(i.FSMC_NORSRAMInit)
    GPIO_Init                                0x08000ec3   Thumb Code   144  stm32f4xx_gpio.o(i.GPIO_Init)
    GPIO_PinAFConfig                         0x08000f53   Thumb Code    70  stm32f4xx_gpio.o(i.GPIO_PinAFConfig)
    GPIO_ReadInputDataBit                    0x08000f99   Thumb Code    18  stm32f4xx_gpio.o(i.GPIO_ReadInputDataBit)
    GPIO_ResetBits                           0x08000fab   Thumb Code     4  stm32f4xx_gpio.o(i.GPIO_ResetBits)
    GPIO_SetBits                             0x08000faf   Thumb Code     4  stm32f4xx_gpio.o(i.GPIO_SetBits)
    GPIO_StructInit                          0x08000fb3   Thumb Code    18  stm32f4xx_gpio.o(i.GPIO_StructInit)
    GPIO_WriteBit                            0x08000fc5   Thumb Code    10  stm32f4xx_gpio.o(i.GPIO_WriteBit)
    I2C_CheckEvent                           0x08000fcf   Thumb Code    42  stm32f4xx_i2c.o(i.I2C_CheckEvent)
    I2C_Init                                 0x08000ff9   Thumb Code   218  stm32f4xx_i2c.o(i.I2C_Init)
    Init_Timers                              0x080010e1   Thumb Code    88  timer.o(i.Init_Timers)
    LCD_Clear                                0x08001151   Thumb Code    36  stm32f4_discovery_lcd.o(i.LCD_Clear)
    LCD_CtrlLinesConfig                      0x08001179   Thumb Code   360  stm32f4_discovery_lcd.o(i.LCD_CtrlLinesConfig)
    LCD_DisplayChar                          0x080012e9   Thumb Code    42  stm32f4_discovery_lcd.o(i.LCD_DisplayChar)
    LCD_DisplayStringLine                    0x08001319   Thumb Code    50  stm32f4_discovery_lcd.o(i.LCD_DisplayStringLine)
    LCD_DrawChar                             0x08001351   Thumb Code   160  stm32f4_discovery_lcd.o(i.LCD_DrawChar)
    LCD_DrawCircle                           0x080013fd   Thumb Code   252  stm32f4_discovery_lcd.o(i.LCD_DrawCircle)
    LCD_DrawFullRect                         0x080014fd   Thumb Code   126  stm32f4_discovery_lcd.o(i.LCD_DrawFullRect)
    LCD_DrawLine                             0x08001585   Thumb Code    86  stm32f4_discovery_lcd.o(i.LCD_DrawLine)
    LCD_DrawRect                             0x080015e1   Thumb Code    66  stm32f4_discovery_lcd.o(i.LCD_DrawRect)
    LCD_FSMCConfig                           0x08001623   Thumb Code    94  stm32f4_discovery_lcd.o(i.LCD_FSMCConfig)
    LCD_GetColors                            0x08001681   Thumb Code    14  stm32f4_discovery_lcd.o(i.LCD_GetColors)
    LCD_GetFont                              0x08001699   Thumb Code     6  stm32f4_discovery_lcd.o(i.LCD_GetFont)
    LCD_SetBackColor                         0x080016a5   Thumb Code    12  stm32f4_discovery_lcd.o(i.LCD_SetBackColor)
    LCD_SetColors                            0x080016b5   Thumb Code    20  stm32f4_discovery_lcd.o(i.LCD_SetColors)
    LCD_SetCursor                            0x080016d1   Thumb Code    24  stm32f4_discovery_lcd.o(i.LCD_SetCursor)
    LCD_SetFont                              0x080016e9   Thumb Code     6  stm32f4_discovery_lcd.o(i.LCD_SetFont)
    LCD_SetTextColor                         0x080016f5   Thumb Code    12  stm32f4_discovery_lcd.o(i.LCD_SetTextColor)
    LCD_WriteRAM                             0x08001705   Thumb Code     6  stm32f4_discovery_lcd.o(i.LCD_WriteRAM)
    LCD_WriteRAM_Prepare                     0x08001711   Thumb Code    10  stm32f4_discovery_lcd.o(i.LCD_WriteRAM_Prepare)
    LCD_WriteReg                             0x0800171d   Thumb Code    12  stm32f4_discovery_lcd.o(i.LCD_WriteReg)
    NVIC_Init                                0x0800172d   Thumb Code   106  misc.o(i.NVIC_Init)
    RCC_AHB1PeriphClockCmd                   0x080017a5   Thumb Code    26  stm32f4xx_rcc.o(i.RCC_AHB1PeriphClockCmd)
    RCC_AHB3PeriphClockCmd                   0x080017c5   Thumb Code    26  stm32f4xx_rcc.o(i.RCC_AHB3PeriphClockCmd)
    RCC_APB2PeriphClockCmd                   0x080017e5   Thumb Code    26  stm32f4xx_rcc.o(i.RCC_APB2PeriphClockCmd)
    RCC_GetClocksFreq                        0x08001805   Thumb Code   214  stm32f4xx_rcc.o(i.RCC_GetClocksFreq)
    STM32f4_Discovery_LCD_Init               0x080018ed   Thumb Code   344  stm32f4_discovery_lcd.o(i.STM32f4_Discovery_LCD_Init)
    SYSCFG_EXTILineConfig                    0x08001a4d   Thumb Code    60  stm32f4xx_syscfg.o(i.SYSCFG_EXTILineConfig)
    SystemInit                               0x08001a8d   Thumb Code    82  system_stm32f4xx.o(i.SystemInit)
    TM_DS1307_Bcd2Bin                        0x08001af1   Thumb Code    20  tm_stm32f4_ds1307.o(i.TM_DS1307_Bcd2Bin)
    TM_DS1307_Bin2Bcd                        0x08001b05   Thumb Code    32  tm_stm32f4_ds1307.o(i.TM_DS1307_Bin2Bcd)
    TM_DS1307_CheckMinMax                    0x08001b25   Thumb Code    22  tm_stm32f4_ds1307.o(i.TM_DS1307_CheckMinMax)
    TM_DS1307_GetDate                        0x08001b3d   Thumb Code    20  tm_stm32f4_ds1307.o(i.TM_DS1307_GetDate)
    TM_DS1307_GetDay                         0x08001b55   Thumb Code    20  tm_stm32f4_ds1307.o(i.TM_DS1307_GetDay)
    TM_DS1307_GetHours                       0x08001b6d   Thumb Code    20  tm_stm32f4_ds1307.o(i.TM_DS1307_GetHours)
    TM_DS1307_GetMinutes                     0x08001b85   Thumb Code    20  tm_stm32f4_ds1307.o(i.TM_DS1307_GetMinutes)
    TM_DS1307_GetMonth                       0x08001b9d   Thumb Code    20  tm_stm32f4_ds1307.o(i.TM_DS1307_GetMonth)
    TM_DS1307_GetSeconds                     0x08001bb5   Thumb Code    20  tm_stm32f4_ds1307.o(i.TM_DS1307_GetSeconds)
    TM_DS1307_GetYear                        0x08001bcd   Thumb Code    20  tm_stm32f4_ds1307.o(i.TM_DS1307_GetYear)
    TM_DS1307_Init                           0x08001be5   Thumb Code    30  tm_stm32f4_ds1307.o(i.TM_DS1307_Init)
    TM_DS1307_SetDate                        0x08001c0d   Thumb Code    36  tm_stm32f4_ds1307.o(i.TM_DS1307_SetDate)
    TM_DS1307_SetDay                         0x08001c35   Thumb Code    36  tm_stm32f4_ds1307.o(i.TM_DS1307_SetDay)
    TM_DS1307_SetHours                       0x08001c5d   Thumb Code    36  tm_stm32f4_ds1307.o(i.TM_DS1307_SetHours)
    TM_DS1307_SetMinutes                     0x08001c85   Thumb Code    36  tm_stm32f4_ds1307.o(i.TM_DS1307_SetMinutes)
    TM_DS1307_SetMonth                       0x08001cad   Thumb Code    36  tm_stm32f4_ds1307.o(i.TM_DS1307_SetMonth)
    TM_DS1307_SetSeconds                     0x08001cd5   Thumb Code    36  tm_stm32f4_ds1307.o(i.TM_DS1307_SetSeconds)
    TM_DS1307_SetYear                        0x08001cfd   Thumb Code    36  tm_stm32f4_ds1307.o(i.TM_DS1307_SetYear)
    TM_GPIO_GetPortSource                    0x08001d25   Thumb Code    14  tm_stm32f4_gpio.o(i.TM_GPIO_GetPortSource)
    TM_GPIO_INT_EnableClock                  0x08001d35   Thumb Code    28  tm_stm32f4_gpio.o(i.TM_GPIO_INT_EnableClock)
    TM_GPIO_INT_Init                         0x08001d55   Thumb Code   170  tm_stm32f4_gpio.o(i.TM_GPIO_INT_Init)
    TM_GPIO_InitAlternate                    0x08001e05   Thumb Code   110  tm_stm32f4_gpio.o(i.TM_GPIO_InitAlternate)
    TM_I2C1_INT_InitPins                     0x08001e75   Thumb Code    90  tm_stm32f4_i2c.o(i.TM_I2C1_INT_InitPins)
    TM_I2C2_INT_InitPins                     0x08001ed9   Thumb Code    88  tm_stm32f4_i2c.o(i.TM_I2C2_INT_InitPins)
    TM_I2C3_INT_InitPins                     0x08001f41   Thumb Code    84  tm_stm32f4_i2c.o(i.TM_I2C3_INT_InitPins)
    TM_I2C_Init                              0x08001fa5   Thumb Code   254  tm_stm32f4_i2c.o(i.TM_I2C_Init)
    TM_I2C_IsDeviceConnected                 0x080020b9   Thumb Code    34  tm_stm32f4_i2c.o(i.TM_I2C_IsDeviceConnected)
    TM_I2C_Read                              0x080020db   Thumb Code    62  tm_stm32f4_i2c.o(i.TM_I2C_Read)
    TM_I2C_ReadNack                          0x08002119   Thumb Code    66  tm_stm32f4_i2c.o(i.TM_I2C_ReadNack)
    TM_I2C_Start                             0x08002165   Thumb Code   166  tm_stm32f4_i2c.o(i.TM_I2C_Start)
    TM_I2C_Stop                              0x08002215   Thumb Code    60  tm_stm32f4_i2c.o(i.TM_I2C_Stop)
    TM_I2C_Write                             0x08002255   Thumb Code    50  tm_stm32f4_i2c.o(i.TM_I2C_Write)
    TM_I2C_WriteData                         0x08002289   Thumb Code    40  tm_stm32f4_i2c.o(i.TM_I2C_WriteData)
    USART6_IRQHandler                        0x080022e1   Thumb Code   408  main.o(i.USART6_IRQHandler)
    USART_Cmd                                0x080024fd   Thumb Code    24  stm32f4xx_usart.o(i.USART_Cmd)
    USART_GetFlagStatus                      0x08002515   Thumb Code    26  stm32f4xx_usart.o(i.USART_GetFlagStatus)
    USART_GetITStatus                        0x0800252f   Thumb Code    84  stm32f4xx_usart.o(i.USART_GetITStatus)
    USART_ITConfig                           0x08002583   Thumb Code    74  stm32f4xx_usart.o(i.USART_ITConfig)
    USART_Init                               0x080025cd   Thumb Code   204  stm32f4xx_usart.o(i.USART_Init)
    USART_SendData                           0x080026a1   Thumb Code     8  stm32f4xx_usart.o(i.USART_SendData)
    USART_puts                               0x080026a9   Thumb Code    42  main.o(i.USART_puts)
    _init_box                                0x080026d9   Thumb Code    70  rt_membox.o(i._init_box)
    _is_digit                                0x0800271f   Thumb Code    14  __printf_wp.o(i._is_digit)
    _mutex_acquire                           0x0800272d   Thumb Code    22  rtx_conf_cm.o(i._mutex_acquire)
    _mutex_release                           0x0800274d   Thumb Code    18  rtx_conf_cm.o(i._mutex_release)
    adc_init                                 0x08002769   Thumb Code    84  adc.o(i.adc_init)
    adc_read                                 0x080027c1   Thumb Code    90  adc.o(i.adc_read)
    adc_setup                                0x08002825   Thumb Code    96  adc.o(i.adc_setup)
    automation_thread                        0x08002889   Thumb Code   118  main.o(i.automation_thread)
    button                                   0x08002911   Thumb Code   254  main.o(i.button)
    change_theme                             0x08002a19   Thumb Code   158  main.o(i.change_theme)
    check_joy                                0x08002ac5   Thumb Code   226  main.o(i.check_joy)
    dbg_init                                 0x08002ba9   Thumb Code    34  hal_cm.o(i.dbg_init)
    dbg_task_notify                          0x08002bd9   Thumb Code    32  hal_cm.o(i.dbg_task_notify)
    dbg_task_switch                          0x08002bf9   Thumb Code    16  hal_cm.o(i.dbg_task_switch)
    debug_line                               0x08002c09   Thumb Code    30  main.o(i.debug_line)
    draw_caption                             0x08002c51   Thumb Code   124  main.o(i.draw_caption)
    draw_date_time_bar                       0x08002cd1   Thumb Code    94  main.o(i.draw_date_time_bar)
    draw_menu                                0x08002d61   Thumb Code   192  main.o(i.draw_menu)
    draw_status_bar                          0x08002e25   Thumb Code   122  main.o(i.draw_status_bar)
    fan_thread                               0x08002ed9   Thumb Code    94  main.o(i.fan_thread)
    get_day                                  0x08002f4d   Thumb Code    62  main.o(i.get_day)
    gpio_setup                               0x08002fd9   Thumb Code    98  adc.o(i.gpio_setup)
    init_LCD                                 0x08003049   Thumb Code     8  main.o(i.init_LCD)
    init_RTC                                 0x08003051   Thumb Code   118  main.o(i.init_RTC)
    init_USART6                              0x080030dd   Thumb Code   164  main.o(i.init_USART6)
    init_back                                0x08003189   Thumb Code   118  main.o(i.init_back)
    init_buzzer                              0x08003205   Thumb Code    44  main.o(i.init_buzzer)
    init_fan                                 0x08003235   Thumb Code   162  main.o(i.init_fan)
    init_joystick                            0x080032dd   Thumb Code    90  main.o(i.init_joystick)
    init_lights                              0x08003349   Thumb Code    56  main.o(i.init_lights)
    init_pir                                 0x08003385   Thumb Code    36  main.o(i.init_pir)
    init_room_struct                         0x080033ad   Thumb Code    12  main.o(i.init_room_struct)
    isrMessageGet                            0x080033bd   Thumb Code    42  rt_cmsis.o(i.isrMessageGet)
    isrMessagePut                            0x080033e7   Thumb Code    44  rt_cmsis.o(i.isrMessagePut)
    isrSignalSet                             0x08003413   Thumb Code    36  rt_cmsis.o(i.isrSignalSet)
    isr_evt_set                              0x08003439   Thumb Code    34  rt_event.o(i.isr_evt_set)
    isr_mbx_receive                          0x08003461   Thumb Code    82  rt_mailbox.o(i.isr_mbx_receive)
    isr_mbx_send                             0x080034b3   Thumb Code    14  rt_mailbox.o(i.isr_mbx_send)
    lighting_menu                            0x080034c1   Thumb Code   318  main.o(i.lighting_menu)
    lighting_room_submenu                    0x08003611   Thumb Code   562  main.o(i.lighting_room_submenu)
    main                                     0x080038d5   Thumb Code   160  main.o(i.main)
    main_menu                                0x080039a9   Thumb Code   332  main.o(i.main_menu)
    main_thread                              0x08003b01   Thumb Code     8  main.o(i.main_thread)
    osDelay                                  0x08003b09   Thumb Code    18  rt_cmsis.o(i.osDelay)
    osKernelInitialize                       0x08003b21   Thumb Code    30  rt_cmsis.o(i.osKernelInitialize)
    osKernelStart                            0x08003b45   Thumb Code    98  rt_cmsis.o(i.osKernelStart)
    osMessageGet                             0x08003bb1   Thumb Code    18  rt_cmsis.o(i.osMessageGet)
    osSignalClear                            0x08003bc9   Thumb Code    20  rt_cmsis.o(i.osSignalClear)
    osSignalSet                              0x08003be1   Thumb Code    18  rt_cmsis.o(i.osSignalSet)
    osSignalWait                             0x08003bf9   Thumb Code    18  rt_cmsis.o(i.osSignalWait)
    osThreadCreate                           0x08003c11   Thumb Code    38  rt_cmsis.o(i.osThreadCreate)
    osThreadExit                             0x08003c41   Thumb Code    14  rt_cmsis.o(i.osThreadExit)
    osTimerCall                              0x08003c59   Thumb Code     8  rt_cmsis.o(i.osTimerCall)
    osTimerCreate                            0x08003c65   Thumb Code    44  rt_cmsis.o(i.osTimerCreate)
    osTimerStart                             0x08003c99   Thumb Code    18  rt_cmsis.o(i.osTimerStart)
    osTimerThread                            0x08003cb1   Thumb Code    38  rt_cmsis.o(i.osTimerThread)
    os_error                                 0x08003cdd   Thumb Code    32  rtx_conf_cm.o(i.os_error)
    os_idle_demon                            0x08003cfd   Thumb Code     4  rtx_conf_cm.o(i.os_idle_demon)
    os_tick_init                             0x08003d01   Thumb Code    32  rt_system.o(i.os_tick_init)
    os_tick_irqack                           0x08003d29   Thumb Code     2  rt_system.o(i.os_tick_irqack)
    pir_thread                               0x08003d2d   Thumb Code   164  main.o(i.pir_thread)
    polling_thread                           0x08003e25   Thumb Code   466  main.o(i.polling_thread)
    read_joy                                 0x08004059   Thumb Code   126  main.o(i.read_joy)
    room_struct_apply                        0x080040e5   Thumb Code    14  main.o(i.room_struct_apply)
    rt_alloc_box                             0x080040f9   Thumb Code    26  rt_membox.o(i.rt_alloc_box)
    rt_alloc_mem                             0x08004113   Thumb Code    62  rt_memory.o(i.rt_alloc_mem)
    rt_block                                 0x08004151   Thumb Code    48  rt_task.o(i.rt_block)
    rt_chk_robin                             0x08004189   Thumb Code    60  rt_robin.o(i.rt_chk_robin)
    rt_dec_dly                               0x080041d1   Thumb Code   102  rt_list.o(i.rt_dec_dly)
    rt_dispatch                              0x08004241   Thumb Code    60  rt_task.o(i.rt_dispatch)
    rt_dly_wait                              0x08004285   Thumb Code     6  rt_time.o(i.rt_dly_wait)
    rt_evt_clr                               0x0800428d   Thumb Code    22  rt_event.o(i.rt_evt_clr)
    rt_evt_psh                               0x080042a9   Thumb Code    76  rt_event.o(i.rt_evt_psh)
    rt_evt_set                               0x080042f9   Thumb Code    88  rt_event.o(i.rt_evt_set)
    rt_evt_wait                              0x08004355   Thumb Code    56  rt_event.o(i.rt_evt_wait)
    rt_free_box                              0x08004391   Thumb Code    44  rt_membox.o(i.rt_free_box)
    rt_free_mem                              0x080043bd   Thumb Code    40  rt_memory.o(i.rt_free_mem)
    rt_get_first                             0x080043e5   Thumb Code    40  rt_list.o(i.rt_get_first)
    rt_init_mem                              0x0800445d   Thumb Code    26  rt_memory.o(i.rt_init_mem)
    rt_init_robin                            0x08004479   Thumb Code    14  rt_robin.o(i.rt_init_robin)
    rt_init_stack                            0x08004491   Thumb Code   118  hal_cm.o(i.rt_init_stack)
    rt_mbx_check                             0x08004511   Thumb Code     8  rt_mailbox.o(i.rt_mbx_check)
    rt_mbx_init                              0x08004519   Thumb Code    26  rt_mailbox.o(i.rt_mbx_init)
    rt_mbx_psh                               0x08004535   Thumb Code   236  rt_mailbox.o(i.rt_mbx_psh)
    rt_mbx_wait                              0x08004625   Thumb Code   174  rt_mailbox.o(i.rt_mbx_wait)
    rt_mut_release                           0x0800471d   Thumb Code   208  rt_mutex.o(i.rt_mut_release)
    rt_mut_wait                              0x080047f5   Thumb Code   100  rt_mutex.o(i.rt_mut_wait)
    rt_pop_req                               0x0800485d   Thumb Code   112  rt_system.o(i.rt_pop_req)
    rt_psh_req                               0x080048d9   Thumb Code    22  rt_system.o(i.rt_psh_req)
    rt_psq_enq                               0x080048f9   Thumb Code    88  rt_list.o(i.rt_psq_enq)
    rt_put_dly                               0x08004955   Thumb Code    68  rt_list.o(i.rt_put_dly)
    rt_put_prio                              0x0800499d   Thumb Code    54  rt_list.o(i.rt_put_prio)
    rt_put_rdy_first                         0x080049d5   Thumb Code    14  rt_list.o(i.rt_put_rdy_first)
    rt_resort_prio                           0x080049e9   Thumb Code    46  rt_list.o(i.rt_resort_prio)
    rt_ret_val                               0x08004a2d   Thumb Code    12  hal_cm.o(i.rt_ret_val)
    rt_ret_val2                              0x08004a39   Thumb Code    16  hal_cm.o(i.rt_ret_val2)
    rt_rmv_dly                               0x08004a49   Thumb Code    40  rt_list.o(i.rt_rmv_dly)
    rt_rmv_list                              0x08004a71   Thumb Code    44  rt_list.o(i.rt_rmv_list)
    rt_sem_psh                               0x08004aa1   Thumb Code    48  rt_semaphore.o(i.rt_sem_psh)
    rt_stk_check                             0x08004ad5   Thumb Code    28  rt_system.o(i.rt_stk_check)
    rt_switch_req                            0x08004af9   Thumb Code    30  rt_task.o(i.rt_switch_req)
    rt_sys_init                              0x08004b21   Thumb Code   138  rt_task.o(i.rt_sys_init)
    rt_sys_start                             0x08004bed   Thumb Code   110  rt_task.o(i.rt_sys_start)
    rt_systick                               0x08004c65   Thumb Code    50  rt_system.o(i.rt_systick)
    rt_tsk_create                            0x08004d29   Thumb Code   120  rt_task.o(i.rt_tsk_create)
    rt_tsk_delete                            0x08004db1   Thumb Code   346  rt_task.o(i.rt_tsk_delete)
    rt_tsk_prio                              0x08004f29   Thumb Code   108  rt_task.o(i.rt_tsk_prio)
    rt_tsk_self                              0x08004fa5   Thumb Code    12  rt_task.o(i.rt_tsk_self)
    settings_menu                            0x08004fb5   Thumb Code   248  main.o(i.settings_menu)
    settings_theme_submenu                   0x080050bd   Thumb Code   446  main.o(i.settings_theme_submenu)
    splash_screen                            0x0800528d   Thumb Code    78  main.o(i.splash_screen)
    svcDelay                                 0x080052fd   Thumb Code    18  rt_cmsis.o(i.svcDelay)
    svcKernelInitialize                      0x08005311   Thumb Code    80  rt_cmsis.o(i.svcKernelInitialize)
    svcKernelStart                           0x08005381   Thumb Code    62  rt_cmsis.o(i.svcKernelStart)
    svcMessageCreate                         0x080053c9   Thumb Code    36  rt_cmsis.o(i.svcMessageCreate)
    svcMessageGet                            0x080053ed   Thumb Code    58  rt_cmsis.o(i.svcMessageGet)
    svcSignalClear                           0x08005427   Thumb Code    36  rt_cmsis.o(i.svcSignalClear)
    svcSignalSet                             0x0800544b   Thumb Code    36  rt_cmsis.o(i.svcSignalSet)
    svcSignalWait                            0x08005471   Thumb Code    80  rt_cmsis.o(i.svcSignalWait)
    svcThreadCreate                          0x080054c5   Thumb Code   100  rt_cmsis.o(i.svcThreadCreate)
    svcThreadGetId                           0x08005535   Thumb Code    22  rt_cmsis.o(i.svcThreadGetId)
    svcThreadTerminate                       0x08005551   Thumb Code    50  rt_cmsis.o(i.svcThreadTerminate)
    svcTimerCall                             0x08005589   Thumb Code    24  rt_cmsis.o(i.svcTimerCall)
    svcTimerCreate                           0x080055a1   Thumb Code    52  rt_cmsis.o(i.svcTimerCreate)
    svcTimerStart                            0x080055d9   Thumb Code    96  rt_cmsis.o(i.svcTimerStart)
    sysTimerTick                             0x0800563d   Thumb Code    84  rt_cmsis.o(i.sysTimerTick)
    timer_menu                               0x08005699   Thumb Code   674  main.o(i.timer_menu)
    update_bars                              0x08005969   Thumb Code   154  main.o(i.update_bars)
    _fp_init                                 0x08005a15   Thumb Code    10  fpinit.o(x$fpl$fpinit)
    __fplib_config_fpu_vfp                   0x08005a1d   Thumb Code     0  fpinit.o(x$fpl$fpinit)
    __fplib_config_pureend_doubles           0x08005a1d   Thumb Code     0  fpinit.o(x$fpl$fpinit)
    joy_x                                    0x08005ae0   Data          12  main.o(.constdata)
    joy_y                                    0x08005aec   Data          12  main.o(.constdata)
    ldr                                      0x08005af8   Data          12  main.o(.constdata)
    temp                                     0x08005b04   Data          12  main.o(.constdata)
    os_thread_def_main_thread                0x08005b10   Data          16  main.o(.constdata)
    os_thread_def_update_bars                0x08005b20   Data          16  main.o(.constdata)
    os_thread_def_automation_thread          0x08005b30   Data          16  main.o(.constdata)
    os_thread_def_polling_thread             0x08005b40   Data          16  main.o(.constdata)
    os_thread_def_fan_thread                 0x08005b50   Data          16  main.o(.constdata)
    os_thread_def_pir_thread                 0x08005b60   Data          16  main.o(.constdata)
    os_timer_def_Timer1                      0x08005bc8   Data           8  timer.o(.constdata)
    os_timer_def_Timer2                      0x08005bd0   Data           8  timer.o(.constdata)
    ASCII16x24_Table                         0x08005bd8   Data        4560  stm32f4_discovery_lcd.o(.constdata)
    ASCII12x12_Table                         0x08006da8   Data        2304  stm32f4_discovery_lcd.o(.constdata)
    ASCII8x12_Table                          0x080076a8   Data        2304  stm32f4_discovery_lcd.o(.constdata)
    ASCII8x8_Table                           0x08007fa8   Data        1536  stm32f4_discovery_lcd.o(.constdata)
    os_maxtaskrun                            0x08008668   Data           2  rtx_conf_cm.o(.constdata)
    os_stackinfo                             0x0800866c   Data           4  rtx_conf_cm.o(.constdata)
    os_rrobin                                0x08008670   Data           4  rtx_conf_cm.o(.constdata)
    os_tickfreq                              0x08008674   Data           4  rtx_conf_cm.o(.constdata)
    os_tickus_i                              0x08008678   Data           2  rtx_conf_cm.o(.constdata)
    os_tickus_f                              0x0800867a   Data           2  rtx_conf_cm.o(.constdata)
    os_trv                                   0x0800867c   Data           4  rtx_conf_cm.o(.constdata)
    os_flags                                 0x08008680   Data           1  rtx_conf_cm.o(.constdata)
    CMSIS_RTOS_API_Version                   0x08008684   Data           4  rtx_conf_cm.o(.constdata)
    CMSIS_RTOS_RTX_Version                   0x08008688   Data           4  rtx_conf_cm.o(.constdata)
    os_clockrate                             0x0800868c   Data           4  rtx_conf_cm.o(.constdata)
    os_timernum                              0x08008690   Data           4  rtx_conf_cm.o(.constdata)
    mp_tcb_size                              0x08008694   Data           2  rtx_conf_cm.o(.constdata)
    mp_stk_size                              0x08008698   Data           4  rtx_conf_cm.o(.constdata)
    os_stack_sz                              0x0800869c   Data           4  rtx_conf_cm.o(.constdata)
    os_fifo_size                             0x080086a0   Data           1  rtx_conf_cm.o(.constdata)
    os_thread_def_osTimerThread              0x080086a4   Data          16  rtx_conf_cm.o(.constdata)
    os_messageQ_def_osTimerMessageQ          0x080086b4   Data           8  rtx_conf_cm.o(.constdata)
    mp_tmr_size                              0x080086bc   Data           2  rtx_conf_cm.o(.constdata)
    Region$$Table$$Base                      0x08008834   Number         0  anon$$obj.o(Region$$Table)
    Region$$Table$$Limit                     0x08008854   Number         0  anon$$obj.o(Region$$Table)
    manual                                   0x20000008   Data           1  main.o(.data)
    timer                                    0x20000009   Data           1  main.o(.data)
    ldr_value                                0x2000000c   Data           4  main.o(.data)
    temp_value                               0x20000010   Data           4  main.o(.data)
    pir_value                                0x20000014   Data           1  main.o(.data)
    x                                        0x20000018   Data           4  main.o(.data)
    y                                        0x2000001c   Data           4  main.o(.data)
    k                                        0x20000020   Data           4  main.o(.data)
    room1                                    0x20000024   Data           3  main.o(.data)
    timer_main                               0x20000027   Data           2  main.o(.data)
    time                                     0x20000029   Data           7  main.o(.data)
    def_theme                                0x20000030   Data          10  main.o(.data)
    status                                   0x2000003c   Data          16  main.o(.data)
    thread_id                                0x2000004c   Data           4  main.o(.data)
    thread_automation                        0x20000050   Data           4  main.o(.data)
    thread_fan                               0x20000054   Data           4  main.o(.data)
    thread_pir                               0x20000058   Data           4  main.o(.data)
    back                                     0x2000005c   Data           4  main.o(.data)
    joy                                      0x20000060   Data           4  main.o(.data)
    i                                        0x20000064   Data           4  main.o(.data)
    speed                                    0x20000068   Data           4  main.o(.data)
    fan                                      0x2000006c   Data           4  main.o(.data)
    intruder                                 0x20000070   Data           1  main.o(.data)
    timer2                                   0x20000078   Data           4  timer.o(.data)
    timer1                                   0x2000007c   Data           4  timer.o(.data)
    Font16x24                                0x200000a0   Data           8  stm32f4_discovery_lcd.o(.data)
    Font12x12                                0x200000a8   Data           8  stm32f4_discovery_lcd.o(.data)
    Font8x12                                 0x200000b0   Data           8  stm32f4_discovery_lcd.o(.data)
    Font8x8                                  0x200000b8   Data           8  stm32f4_discovery_lcd.o(.data)
    osThreadId_osTimerThread                 0x200000d8   Data           4  rtx_conf_cm.o(.data)
    osMessageQId_osTimerMessageQ             0x200000dc   Data           4  rtx_conf_cm.o(.data)
    os_tmr                                   0x200000e0   Data           4  rtx_conf_cm.o(.data)
    m_tmr                                    0x200000e4   Data           4  rtx_conf_cm.o(.data)
    os_thread_def_main                       0x200000ec   Data          16  rtx_conf_cm.o(.data)
    os_initialized                           0x200000fc   Data           1  rt_cmsis.o(.data)
    os_running                               0x200000fd   Data           1  rt_cmsis.o(.data)
    os_timer_head                            0x20000100   Data           4  rt_cmsis.o(.data)
    os_tsk                                   0x20000104   Data           8  rt_task.o(.data)
    os_tick_irqn                             0x20000110   Data           4  rt_system.o(.data)
    os_time                                  0x20000114   Data           4  rt_time.o(.data)
    os_robin                                 0x20000118   Data           8  rt_robin.o(.data)
    dbg_msg                                  0x20000120   Data           1  hal_cm.o(.data)
    received_str                             0x20000124   Data          26  main.o(.bss)
    print_array                              0x2000013e   Data          41  main.o(.bss)
    debug_array                              0x20000167   Data          20  main.o(.bss)
    mp_tcb                                   0x200001c8   Data         428  rtx_conf_cm.o(.bss)
    mp_stk                                   0x20000378   Data        7016  rtx_conf_cm.o(.bss)
    os_stack_mem                             0x20001ee0   Data        2232  rtx_conf_cm.o(.bss)
    os_fifo                                  0x20002798   Data         132  rtx_conf_cm.o(.bss)
    os_active_TCB                            0x2000281c   Data          32  rtx_conf_cm.o(.bss)
    os_messageQ_q_osTimerMessageQ            0x2000283c   Data          32  rtx_conf_cm.o(.bss)
    os_idle_TCB                              0x20002bdc   Data          52  rt_task.o(.bss)
    os_rdy                                   0x20002c10   Data          24  rt_list.o(.bss)
    os_dly                                   0x20002c28   Data          24  rt_list.o(.bss)
    __libspace_start                         0x20002c40   Data          96  libspace.o(.bss)
    __temporary_stack_top$libspace           0x20002ca0   Data           0  libspace.o(.bss)



==============================================================================

Memory Map of the image

  Image Entry point : 0x080003f5

  Load Region LR_1 (Base: 0x08000000, Size: 0x00008978, Max: 0xffffffff, ABSOLUTE)

    Execution Region ER_RO (Base: 0x08000000, Size: 0x00008854, Max: 0xffffffff, ABSOLUTE)

    Base Addr    Size         Type   Attr      Idx    E Section Name        Object

    0x08000000   0x00000188   Data   RO         2699    RESET               startup_stm32f407xx.o
    0x08000188   0x00000008   Code   RO         4016  * !!!main             c_w.l(__main.o)
    0x08000190   0x00000034   Code   RO         4203    !!!scatter          c_w.l(__scatter.o)
    0x080001c4   0x0000001a   Code   RO         4205    !!handler_copy      c_w.l(__scatter_copy.o)
    0x080001de   0x00000002   PAD
    0x080001e0   0x0000001c   Code   RO         4207    !!handler_zi        c_w.l(__scatter_zi.o)
    0x080001fc   0x00000000   Code   RO         4001    .ARM.Collect$$_printf_percent$$00000000  c_w.l(_printf_percent.o)
    0x080001fc   0x00000006   Code   RO         4000    .ARM.Collect$$_printf_percent$$00000009  c_w.l(_printf_d.o)
    0x08000202   0x00000006   Code   RO         3999    .ARM.Collect$$_printf_percent$$00000014  c_w.l(_printf_s.o)
    0x08000208   0x00000004   Code   RO         4043    .ARM.Collect$$_printf_percent$$00000017  c_w.l(_printf_percent_end.o)
    0x0800020c   0x00000002   Code   RO         4089    .ARM.Collect$$libinit$$00000000  c_w.l(libinit.o)
    0x0800020e   0x00000004   Code   RO         4100    .ARM.Collect$$libinit$$00000001  c_w.l(libinit2.o)
    0x08000212   0x00000000   Code   RO         4103    .ARM.Collect$$libinit$$00000004  c_w.l(libinit2.o)
    0x08000212   0x00000000   Code   RO         4106    .ARM.Collect$$libinit$$0000000A  c_w.l(libinit2.o)
    0x08000212   0x00000000   Code   RO         4108    .ARM.Collect$$libinit$$0000000C  c_w.l(libinit2.o)
    0x08000212   0x00000000   Code   RO         4110    .ARM.Collect$$libinit$$0000000E  c_w.l(libinit2.o)
    0x08000212   0x00000000   Code   RO         4113    .ARM.Collect$$libinit$$00000011  c_w.l(libinit2.o)
    0x08000212   0x00000000   Code   RO         4115    .ARM.Collect$$libinit$$00000013  c_w.l(libinit2.o)
    0x08000212   0x00000000   Code   RO         4117    .ARM.Collect$$libinit$$00000015  c_w.l(libinit2.o)
    0x08000212   0x00000000   Code   RO         4119    .ARM.Collect$$libinit$$00000017  c_w.l(libinit2.o)
    0x08000212   0x00000000   Code   RO         4121    .ARM.Collect$$libinit$$00000019  c_w.l(libinit2.o)
    0x08000212   0x00000000   Code   RO         4123    .ARM.Collect$$libinit$$0000001B  c_w.l(libinit2.o)
    0x08000212   0x00000000   Code   RO         4125    .ARM.Collect$$libinit$$0000001D  c_w.l(libinit2.o)
    0x08000212   0x00000000   Code   RO         4127    .ARM.Collect$$libinit$$0000001F  c_w.l(libinit2.o)
    0x08000212   0x00000000   Code   RO         4129    .ARM.Collect$$libinit$$00000021  c_w.l(libinit2.o)
    0x08000212   0x00000000   Code   RO         4131    .ARM.Collect$$libinit$$00000023  c_w.l(libinit2.o)
    0x08000212   0x00000000   Code   RO         4133    .ARM.Collect$$libinit$$00000025  c_w.l(libinit2.o)
    0x08000212   0x00000000   Code   RO         4137    .ARM.Collect$$libinit$$0000002C  c_w.l(libinit2.o)
    0x08000212   0x00000000   Code   RO         4139    .ARM.Collect$$libinit$$0000002E  c_w.l(libinit2.o)
    0x08000212   0x00000000   Code   RO         4141    .ARM.Collect$$libinit$$00000030  c_w.l(libinit2.o)
    0x08000212   0x00000000   Code   RO         4143    .ARM.Collect$$libinit$$00000032  c_w.l(libinit2.o)
    0x08000212   0x00000002   Code   RO         4144    .ARM.Collect$$libinit$$00000033  c_w.l(libinit2.o)
    0x08000214   0x00000002   Code   RO         4090    .ARM.Collect$$libshutdown$$00000000  c_w.l(libshutdown.o)
    0x08000216   0x00000000   Code   RO         4146    .ARM.Collect$$libshutdown$$00000002  c_w.l(libshutdown2.o)
    0x08000216   0x00000000   Code   RO         4148    .ARM.Collect$$libshutdown$$00000004  c_w.l(libshutdown2.o)
    0x08000216   0x00000000   Code   RO         4151    .ARM.Collect$$libshutdown$$00000007  c_w.l(libshutdown2.o)
    0x08000216   0x00000000   Code   RO         4154    .ARM.Collect$$libshutdown$$0000000A  c_w.l(libshutdown2.o)
    0x08000216   0x00000000   Code   RO         4156    .ARM.Collect$$libshutdown$$0000000C  c_w.l(libshutdown2.o)
    0x08000216   0x00000000   Code   RO         4159    .ARM.Collect$$libshutdown$$0000000F  c_w.l(libshutdown2.o)
    0x08000216   0x00000002   Code   RO         4160    .ARM.Collect$$libshutdown$$00000010  c_w.l(libshutdown2.o)
    0x08000218   0x00000000   Code   RO         4028    .ARM.Collect$$rtentry$$00000000  c_w.l(__rtentry.o)
    0x08000218   0x00000000   Code   RO         4050    .ARM.Collect$$rtentry$$00000002  c_w.l(__rtentry2.o)
    0x08000218   0x00000006   Code   RO         4062    .ARM.Collect$$rtentry$$00000004  c_w.l(__rtentry4.o)
    0x0800021e   0x00000000   Code   RO         4052    .ARM.Collect$$rtentry$$00000009  c_w.l(__rtentry2.o)
    0x0800021e   0x00000004   Code   RO         4053    .ARM.Collect$$rtentry$$0000000A  c_w.l(__rtentry2.o)
    0x08000222   0x00000008   Code   RO         4054    .ARM.Collect$$rtentry$$0000000B  c_w.l(__rtentry2.o)
    0x0800022a   0x00000008   Code   RO         4056    .ARM.Collect$$rtentry$$0000000D  c_w.l(__rtentry2.o)
    0x08000232   0x00000002   Code   RO         4029    .ARM.Collect$$rtexit$$00000000  c_w.l(rtexit.o)
    0x08000234   0x00000000   Code   RO         4065    .ARM.Collect$$rtexit$$00000002  c_w.l(rtexit2.o)
    0x08000234   0x00000004   Code   RO         4066    .ARM.Collect$$rtexit$$00000003  c_w.l(rtexit2.o)
    0x08000238   0x00000006   Code   RO         4067    .ARM.Collect$$rtexit$$00000004  c_w.l(rtexit2.o)
    0x0800023e   0x00000002   PAD
    0x08000240   0x0000001c   Code   RO         2639    .emb_text           rtx_conf_cm.o
    0x0800025c   0x00000198   Code   RO         3947    .emb_text           RTX_CM4.lib(hal_cm4.o)
    0x080003f4   0x00000040   Code   RO         2700  * .text               startup_stm32f407xx.o
    0x08000434   0x00000008   Code   RO         3962    .text               c_w.l(libspace.o)
    0x0800043c   0x000000ee   Code   RO         3965    .text               c_w.l(lludivv7m.o)
    0x0800052a   0x00000002   PAD
    0x0800052c   0x00000028   Code   RO         3969    .text               c_w.l(noretval__2sprintf.o)
    0x08000554   0x0000004e   Code   RO         3973    .text               c_w.l(_printf_pad.o)
    0x080005a2   0x00000052   Code   RO         3975    .text               c_w.l(_printf_str.o)
    0x080005f4   0x00000078   Code   RO         3977    .text               c_w.l(_printf_dec.o)
    0x0800066c   0x00000138   Code   RO         3991    .text               c_w.l(__printf_flags_wp.o)
    0x080007a4   0x00000012   Code   RO         4002    .text               c_w.l(exit.o)
    0x080007b6   0x00000024   Code   RO         4004    .text               c_w.l(strstr.o)
    0x080007da   0x00000048   Code   RO         4006    .text               c_w.l(strcpy.o)
    0x08000822   0x0000003e   Code   RO         4008    .text               c_w.l(strlen.o)
    0x08000860   0x00000064   Code   RO         4010    .text               c_w.l(rt_memcpy_w.o)
    0x080008c4   0x00000080   Code   RO         4012    .text               c_w.l(strcmpv7m.o)
    0x08000944   0x00000006   Code   RO         4014    .text               c_w.l(heapauxi.o)
    0x0800094a   0x000000b2   Code   RO         4035    .text               c_w.l(_printf_intcommon.o)
    0x080009fc   0x00000030   Code   RO         4037    .text               c_w.l(_printf_char_common.o)
    0x08000a2c   0x0000000a   Code   RO         4039    .text               c_w.l(_sputc.o)
    0x08000a36   0x0000002c   Code   RO         4041    .text               c_w.l(_printf_char.o)
    0x08000a62   0x00000002   PAD
    0x08000a64   0x0000000c   Code   RO         4075    .text               c_w.l(sys_exit.o)
    0x08000a70   0x0000004a   Code   RO         4077    .text               c_w.l(sys_stackheap_outer.o)
    0x08000aba   0x00000002   Code   RO         4091    .text               c_w.l(use_no_semi.o)
    0x08000abc   0x00000000   Code   RO         4093    .text               c_w.l(indicate_semi.o)
    0x08000abc   0x00000004   Code   RO         3957    SVC_TABLE           RTX_CM4.lib(svc_table.o)
    0x08000ac0   0x00000016   Code   RO          616    i.ADC_Cmd           stm32f4xx_adc.o
    0x08000ad6   0x00000002   PAD
    0x08000ad8   0x00000030   Code   RO          617    i.ADC_CommonInit    stm32f4xx_adc.o
    0x08000b08   0x0000000c   Code   RO          618    i.ADC_CommonStructInit  stm32f4xx_adc.o
    0x08000b14   0x00000008   Code   RO          628    i.ADC_GetConversionValue  stm32f4xx_adc.o
    0x08000b1c   0x00000012   Code   RO          629    i.ADC_GetFlagStatus  stm32f4xx_adc.o
    0x08000b2e   0x00000002   PAD
    0x08000b30   0x00000054   Code   RO          636    i.ADC_Init          stm32f4xx_adc.o
    0x08000b84   0x000000b8   Code   RO          641    i.ADC_RegularChannelConfig  stm32f4xx_adc.o
    0x08000c3c   0x0000000a   Code   RO          643    i.ADC_SoftwareStartConv  stm32f4xx_adc.o
    0x08000c46   0x00000014   Code   RO          645    i.ADC_StructInit    stm32f4xx_adc.o
    0x08000c5a   0x00000002   PAD
    0x08000c5c   0x00000024   Code   RO            4    i.EXTI0_IRQHandler  main.o
    0x08000c80   0x00000060   Code   RO            5    i.EXTI15_10_IRQHandler  main.o
    0x08000ce0   0x0000000c   Code   RO         1657    i.EXTI_ClearITPendingBit  stm32f4xx_exti.o
    0x08000cec   0x00000028   Code   RO         1661    i.EXTI_GetITStatus  stm32f4xx_exti.o
    0x08000d14   0x00000094   Code   RO         1662    i.EXTI_Init         stm32f4xx_exti.o
    0x08000da8   0x00000034   Code   RO          870    i.FSMC_NORSRAMCmd   stm32f4xx_fsmc.o
    0x08000ddc   0x000000e6   Code   RO          872    i.FSMC_NORSRAMInit  stm32f4xx_fsmc.o
    0x08000ec2   0x00000090   Code   RO          995    i.GPIO_Init         stm32f4xx_gpio.o
    0x08000f52   0x00000046   Code   RO          996    i.GPIO_PinAFConfig  stm32f4xx_gpio.o
    0x08000f98   0x00000012   Code   RO          999    i.GPIO_ReadInputDataBit  stm32f4xx_gpio.o
    0x08000faa   0x00000004   Code   RO         1002    i.GPIO_ResetBits    stm32f4xx_gpio.o
    0x08000fae   0x00000004   Code   RO         1003    i.GPIO_SetBits      stm32f4xx_gpio.o
    0x08000fb2   0x00000012   Code   RO         1004    i.GPIO_StructInit   stm32f4xx_gpio.o
    0x08000fc4   0x0000000a   Code   RO         1007    i.GPIO_WriteBit     stm32f4xx_gpio.o
    0x08000fce   0x0000002a   Code   RO         1099    i.I2C_CheckEvent    stm32f4xx_i2c.o
    0x08000ff8   0x000000e8   Code   RO         1116    i.I2C_Init          stm32f4xx_i2c.o
    0x080010e0   0x00000070   Code   RO          438    i.Init_Timers       timer.o
    0x08001150   0x00000028   Code   RO         1920    i.LCD_Clear         stm32f4_discovery_lcd.o
    0x08001178   0x00000170   Code   RO         1924    i.LCD_CtrlLinesConfig  stm32f4_discovery_lcd.o
    0x080012e8   0x00000030   Code   RO         1926    i.LCD_DisplayChar   stm32f4_discovery_lcd.o
    0x08001318   0x00000038   Code   RO         1929    i.LCD_DisplayStringLine  stm32f4_discovery_lcd.o
    0x08001350   0x000000ac   Code   RO         1930    i.LCD_DrawChar      stm32f4_discovery_lcd.o
    0x080013fc   0x00000100   Code   RO         1931    i.LCD_DrawCircle    stm32f4_discovery_lcd.o
    0x080014fc   0x00000088   Code   RO         1933    i.LCD_DrawFullRect  stm32f4_discovery_lcd.o
    0x08001584   0x0000005c   Code   RO         1934    i.LCD_DrawLine      stm32f4_discovery_lcd.o
    0x080015e0   0x00000042   Code   RO         1936    i.LCD_DrawRect      stm32f4_discovery_lcd.o
    0x08001622   0x0000005e   Code   RO         1938    i.LCD_FSMCConfig    stm32f4_discovery_lcd.o
    0x08001680   0x00000018   Code   RO         1940    i.LCD_GetColors     stm32f4_discovery_lcd.o
    0x08001698   0x0000000c   Code   RO         1941    i.LCD_GetFont       stm32f4_discovery_lcd.o
    0x080016a4   0x00000010   Code   RO         1948    i.LCD_SetBackColor  stm32f4_discovery_lcd.o
    0x080016b4   0x0000001c   Code   RO         1949    i.LCD_SetColors     stm32f4_discovery_lcd.o
    0x080016d0   0x00000018   Code   RO         1950    i.LCD_SetCursor     stm32f4_discovery_lcd.o
    0x080016e8   0x0000000c   Code   RO         1952    i.LCD_SetFont       stm32f4_discovery_lcd.o
    0x080016f4   0x00000010   Code   RO         1953    i.LCD_SetTextColor  stm32f4_discovery_lcd.o
    0x08001704   0x0000000c   Code   RO         1956    i.LCD_WriteRAM      stm32f4_discovery_lcd.o
    0x08001710   0x0000000a   Code   RO         1957    i.LCD_WriteRAM_Prepare  stm32f4_discovery_lcd.o
    0x0800171a   0x00000002   PAD
    0x0800171c   0x00000010   Code   RO         1958    i.LCD_WriteReg      stm32f4_discovery_lcd.o
    0x0800172c   0x00000078   Code   RO          556    i.NVIC_Init         misc.o
    0x080017a4   0x00000020   Code   RO         1315    i.RCC_AHB1PeriphClockCmd  stm32f4xx_rcc.o
    0x080017c4   0x00000020   Code   RO         1321    i.RCC_AHB3PeriphClockCmd  stm32f4xx_rcc.o
    0x080017e4   0x00000020   Code   RO         1327    i.RCC_APB2PeriphClockCmd  stm32f4xx_rcc.o
    0x08001804   0x000000e8   Code   RO         1336    i.RCC_GetClocksFreq  stm32f4xx_rcc.o
    0x080018ec   0x00000160   Code   RO         1960    i.STM32f4_Discovery_LCD_Init  stm32f4_discovery_lcd.o
    0x08001a4c   0x00000040   Code   RO         1605    i.SYSCFG_EXTILineConfig  stm32f4xx_syscfg.o
    0x08001a8c   0x00000064   Code   RO         2708    i.SystemInit        system_stm32f4xx.o
    0x08001af0   0x00000014   Code   RO         2245    i.TM_DS1307_Bcd2Bin  tm_stm32f4_ds1307.o
    0x08001b04   0x00000020   Code   RO         2246    i.TM_DS1307_Bin2Bcd  tm_stm32f4_ds1307.o
    0x08001b24   0x00000016   Code   RO         2247    i.TM_DS1307_CheckMinMax  tm_stm32f4_ds1307.o
    0x08001b3a   0x00000002   PAD
    0x08001b3c   0x00000018   Code   RO         2250    i.TM_DS1307_GetDate  tm_stm32f4_ds1307.o
    0x08001b54   0x00000018   Code   RO         2252    i.TM_DS1307_GetDay  tm_stm32f4_ds1307.o
    0x08001b6c   0x00000018   Code   RO         2253    i.TM_DS1307_GetHours  tm_stm32f4_ds1307.o
    0x08001b84   0x00000018   Code   RO         2254    i.TM_DS1307_GetMinutes  tm_stm32f4_ds1307.o
    0x08001b9c   0x00000018   Code   RO         2255    i.TM_DS1307_GetMonth  tm_stm32f4_ds1307.o
    0x08001bb4   0x00000018   Code   RO         2256    i.TM_DS1307_GetSeconds  tm_stm32f4_ds1307.o
    0x08001bcc   0x00000018   Code   RO         2257    i.TM_DS1307_GetYear  tm_stm32f4_ds1307.o
    0x08001be4   0x00000028   Code   RO         2258    i.TM_DS1307_Init    tm_stm32f4_ds1307.o
    0x08001c0c   0x00000028   Code   RO         2259    i.TM_DS1307_SetDate  tm_stm32f4_ds1307.o
    0x08001c34   0x00000028   Code   RO         2261    i.TM_DS1307_SetDay  tm_stm32f4_ds1307.o
    0x08001c5c   0x00000028   Code   RO         2262    i.TM_DS1307_SetHours  tm_stm32f4_ds1307.o
    0x08001c84   0x00000028   Code   RO         2263    i.TM_DS1307_SetMinutes  tm_stm32f4_ds1307.o
    0x08001cac   0x00000028   Code   RO         2264    i.TM_DS1307_SetMonth  tm_stm32f4_ds1307.o
    0x08001cd4   0x00000028   Code   RO         2265    i.TM_DS1307_SetSeconds  tm_stm32f4_ds1307.o
    0x08001cfc   0x00000028   Code   RO         2266    i.TM_DS1307_SetYear  tm_stm32f4_ds1307.o
    0x08001d24   0x0000000e   Code   RO         2401    i.TM_GPIO_GetPortSource  tm_stm32f4_gpio.o
    0x08001d32   0x00000002   PAD
    0x08001d34   0x00000020   Code   RO         2404    i.TM_GPIO_INT_EnableClock  tm_stm32f4_gpio.o
    0x08001d54   0x000000b0   Code   RO         2405    i.TM_GPIO_INT_Init  tm_stm32f4_gpio.o
    0x08001e04   0x0000006e   Code   RO         2407    i.TM_GPIO_InitAlternate  tm_stm32f4_gpio.o
    0x08001e72   0x00000002   PAD
    0x08001e74   0x00000064   Code   RO         2514    i.TM_I2C1_INT_InitPins  tm_stm32f4_i2c.o
    0x08001ed8   0x00000068   Code   RO         2515    i.TM_I2C2_INT_InitPins  tm_stm32f4_i2c.o
    0x08001f40   0x00000064   Code   RO         2516    i.TM_I2C3_INT_InitPins  tm_stm32f4_i2c.o
    0x08001fa4   0x00000114   Code   RO         2517    i.TM_I2C_Init       tm_stm32f4_i2c.o
    0x080020b8   0x00000022   Code   RO         2518    i.TM_I2C_IsDeviceConnected  tm_stm32f4_i2c.o
    0x080020da   0x0000003e   Code   RO         2519    i.TM_I2C_Read       tm_stm32f4_i2c.o
    0x08002118   0x0000004c   Code   RO         2523    i.TM_I2C_ReadNack   tm_stm32f4_i2c.o
    0x08002164   0x000000b0   Code   RO         2525    i.TM_I2C_Start      tm_stm32f4_i2c.o
    0x08002214   0x00000040   Code   RO         2526    i.TM_I2C_Stop       tm_stm32f4_i2c.o
    0x08002254   0x00000032   Code   RO         2527    i.TM_I2C_Write      tm_stm32f4_i2c.o
    0x08002286   0x00000002   PAD
    0x08002288   0x0000002c   Code   RO         2528    i.TM_I2C_WriteData  tm_stm32f4_i2c.o
    0x080022b4   0x0000000c   Code   RO          439    i.Timer1_Callback   timer.o
    0x080022c0   0x00000020   Code   RO          440    i.Timer2_Callback   timer.o
    0x080022e0   0x0000021c   Code   RO            6    i.USART6_IRQHandler  main.o
    0x080024fc   0x00000018   Code   RO         1729    i.USART_Cmd         stm32f4xx_usart.o
    0x08002514   0x0000001a   Code   RO         1732    i.USART_GetFlagStatus  stm32f4xx_usart.o
    0x0800252e   0x00000054   Code   RO         1733    i.USART_GetITStatus  stm32f4xx_usart.o
    0x08002582   0x0000004a   Code   RO         1735    i.USART_ITConfig    stm32f4xx_usart.o
    0x080025cc   0x000000d4   Code   RO         1736    i.USART_Init        stm32f4xx_usart.o
    0x080026a0   0x00000008   Code   RO         1746    i.USART_SendData    stm32f4xx_usart.o
    0x080026a8   0x00000030   Code   RO            8    i.USART_puts        main.o
    0x080026d8   0x00000046   Code   RO         3841    i._init_box         RTX_CM4.lib(rt_membox.o)
    0x0800271e   0x0000000e   Code   RO         3989    i._is_digit         c_w.l(__printf_wp.o)
    0x0800272c   0x00000020   Code   RO         2641    i._mutex_acquire    rtx_conf_cm.o
    0x0800274c   0x0000001c   Code   RO         2643    i._mutex_release    rtx_conf_cm.o
    0x08002768   0x00000058   Code   RO         2197    i.adc_init          adc.o
    0x080027c0   0x00000064   Code   RO         2198    i.adc_read          adc.o
    0x08002824   0x00000064   Code   RO         2199    i.adc_setup         adc.o
    0x08002888   0x00000088   Code   RO            9    i.automation_thread  main.o
    0x08002910   0x00000108   Code   RO           10    i.button            main.o
    0x08002a18   0x000000ac   Code   RO           11    i.change_theme      main.o
    0x08002ac4   0x000000e2   Code   RO           12    i.check_joy         main.o
    0x08002ba6   0x00000002   PAD
    0x08002ba8   0x00000030   Code   RO         3894    i.dbg_init          RTX_CM4.lib(hal_cm.o)
    0x08002bd8   0x00000020   Code   RO         3895    i.dbg_task_notify   RTX_CM4.lib(hal_cm.o)
    0x08002bf8   0x00000010   Code   RO         3896    i.dbg_task_switch   RTX_CM4.lib(hal_cm.o)
    0x08002c08   0x00000024   Code   RO           13    i.debug_line        main.o
    0x08002c2c   0x00000022   Code   RO         1961    i.delay             stm32f4_discovery_lcd.o
    0x08002c4e   0x00000002   PAD
    0x08002c50   0x00000080   Code   RO           14    i.draw_caption      main.o
    0x08002cd0   0x00000090   Code   RO           15    i.draw_date_time_bar  main.o
    0x08002d60   0x000000c4   Code   RO           16    i.draw_menu         main.o
    0x08002e24   0x000000b4   Code   RO           17    i.draw_status_bar   main.o
    0x08002ed8   0x00000074   Code   RO           18    i.fan_thread        main.o
    0x08002f4c   0x0000008c   Code   RO           19    i.get_day           main.o
    0x08002fd8   0x00000070   Code   RO         2200    i.gpio_setup        adc.o
    0x08003048   0x00000008   Code   RO           20    i.init_LCD          main.o
    0x08003050   0x0000008c   Code   RO           21    i.init_RTC          main.o
    0x080030dc   0x000000ac   Code   RO           22    i.init_USART6       main.o
    0x08003188   0x0000007c   Code   RO           23    i.init_back         main.o
    0x08003204   0x00000030   Code   RO           24    i.init_buzzer       main.o
    0x08003234   0x000000a8   Code   RO           25    i.init_fan          main.o
    0x080032dc   0x0000006c   Code   RO           26    i.init_joystick     main.o
    0x08003348   0x0000003c   Code   RO           27    i.init_lights       main.o
    0x08003384   0x00000028   Code   RO           28    i.init_pir          main.o
    0x080033ac   0x00000010   Code   RO           29    i.init_room_struct  main.o
    0x080033bc   0x0000002a   Code   RO         2744    i.isrMessageGet     RTX_CM4.lib(rt_cmsis.o)
    0x080033e6   0x0000002c   Code   RO         2745    i.isrMessagePut     RTX_CM4.lib(rt_cmsis.o)
    0x08003412   0x00000024   Code   RO         2747    i.isrSignalSet      RTX_CM4.lib(rt_cmsis.o)
    0x08003436   0x00000002   PAD
    0x08003438   0x00000028   Code   RO         3578    i.isr_evt_set       RTX_CM4.lib(rt_event.o)
    0x08003460   0x00000052   Code   RO         3696    i.isr_mbx_receive   RTX_CM4.lib(rt_mailbox.o)
    0x080034b2   0x0000000e   Code   RO         3697    i.isr_mbx_send      RTX_CM4.lib(rt_mailbox.o)
    0x080034c0   0x00000150   Code   RO           30    i.lighting_menu     main.o
    0x08003610   0x000002c4   Code   RO           31    i.lighting_room_submenu  main.o
    0x080038d4   0x000000d4   Code   RO           32    i.main              main.o
    0x080039a8   0x00000158   Code   RO           33    i.main_menu         main.o
    0x08003b00   0x00000008   Code   RO           34    i.main_thread       main.o
    0x08003b08   0x00000018   Code   RO         2748    i.osDelay           RTX_CM4.lib(rt_cmsis.o)
    0x08003b20   0x00000024   Code   RO         2749    i.osKernelInitialize  RTX_CM4.lib(rt_cmsis.o)
    0x08003b44   0x0000006c   Code   RO         2751    i.osKernelStart     RTX_CM4.lib(rt_cmsis.o)
    0x08003bb0   0x00000018   Code   RO         2760    i.osMessageGet      RTX_CM4.lib(rt_cmsis.o)
    0x08003bc8   0x00000018   Code   RO         2774    i.osSignalClear     RTX_CM4.lib(rt_cmsis.o)
    0x08003be0   0x00000018   Code   RO         2775    i.osSignalSet       RTX_CM4.lib(rt_cmsis.o)
    0x08003bf8   0x00000018   Code   RO         2776    i.osSignalWait      RTX_CM4.lib(rt_cmsis.o)
    0x08003c10   0x00000030   Code   RO         2777    i.osThreadCreate    RTX_CM4.lib(rt_cmsis.o)
    0x08003c40   0x00000018   Code   RO         2778    i.osThreadExit      RTX_CM4.lib(rt_cmsis.o)
    0x08003c58   0x0000000c   Code   RO         2784    i.osTimerCall       RTX_CM4.lib(rt_cmsis.o)
    0x08003c64   0x00000034   Code   RO         2785    i.osTimerCreate     RTX_CM4.lib(rt_cmsis.o)
    0x08003c98   0x00000018   Code   RO         2787    i.osTimerStart      RTX_CM4.lib(rt_cmsis.o)
    0x08003cb0   0x0000002c   Code   RO         2789    i.osTimerThread     RTX_CM4.lib(rt_cmsis.o)
    0x08003cdc   0x00000020   Code   RO         2644    i.os_error          rtx_conf_cm.o
    0x08003cfc   0x00000004   Code   RO         2645    i.os_idle_demon     rtx_conf_cm.o
    0x08003d00   0x00000028   Code   RO         3488    i.os_tick_init      RTX_CM4.lib(rt_system.o)
    0x08003d28   0x00000002   Code   RO         3489    i.os_tick_irqack    RTX_CM4.lib(rt_system.o)
    0x08003d2a   0x00000002   PAD
    0x08003d2c   0x000000f8   Code   RO           35    i.pir_thread        main.o
    0x08003e24   0x00000234   Code   RO           36    i.polling_thread    main.o
    0x08004058   0x0000008c   Code   RO           37    i.read_joy          main.o
    0x080040e4   0x00000014   Code   RO           38    i.room_struct_apply  main.o
    0x080040f8   0x0000001a   Code   RO         3842    i.rt_alloc_box      RTX_CM4.lib(rt_membox.o)
    0x08004112   0x0000003e   Code   RO         3870    i.rt_alloc_mem      RTX_CM4.lib(rt_memory.o)
    0x08004150   0x00000038   Code   RO         3369    i.rt_block          RTX_CM4.lib(rt_task.o)
    0x08004188   0x00000048   Code   RO         3819    i.rt_chk_robin      RTX_CM4.lib(rt_robin.o)
    0x080041d0   0x00000070   Code   RO         3620    i.rt_dec_dly        RTX_CM4.lib(rt_list.o)
    0x08004240   0x00000044   Code   RO         3370    i.rt_dispatch       RTX_CM4.lib(rt_task.o)
    0x08004284   0x00000006   Code   RO         3786    i.rt_dly_wait       RTX_CM4.lib(rt_time.o)
    0x0800428a   0x00000002   PAD
    0x0800428c   0x0000001c   Code   RO         3579    i.rt_evt_clr        RTX_CM4.lib(rt_event.o)
    0x080042a8   0x00000050   Code   RO         3581    i.rt_evt_psh        RTX_CM4.lib(rt_event.o)
    0x080042f8   0x0000005c   Code   RO         3582    i.rt_evt_set        RTX_CM4.lib(rt_event.o)
    0x08004354   0x0000003c   Code   RO         3583    i.rt_evt_wait       RTX_CM4.lib(rt_event.o)
    0x08004390   0x0000002c   Code   RO         3843    i.rt_free_box       RTX_CM4.lib(rt_membox.o)
    0x080043bc   0x00000028   Code   RO         3871    i.rt_free_mem       RTX_CM4.lib(rt_memory.o)
    0x080043e4   0x00000028   Code   RO         3621    i.rt_get_first      RTX_CM4.lib(rt_list.o)
    0x0800440c   0x00000008   Code   RO         2794    i.rt_id2obj         RTX_CM4.lib(rt_cmsis.o)
    0x08004414   0x00000048   Code   RO         3371    i.rt_init_context   RTX_CM4.lib(rt_task.o)
    0x0800445c   0x0000001a   Code   RO         3872    i.rt_init_mem       RTX_CM4.lib(rt_memory.o)
    0x08004476   0x00000002   PAD
    0x08004478   0x00000018   Code   RO         3820    i.rt_init_robin     RTX_CM4.lib(rt_robin.o)
    0x08004490   0x00000080   Code   RO         3897    i.rt_init_stack     RTX_CM4.lib(hal_cm.o)
    0x08004510   0x00000008   Code   RO         3698    i.rt_mbx_check      RTX_CM4.lib(rt_mailbox.o)
    0x08004518   0x0000001a   Code   RO         3699    i.rt_mbx_init       RTX_CM4.lib(rt_mailbox.o)
    0x08004532   0x00000002   PAD
    0x08004534   0x000000f0   Code   RO         3700    i.rt_mbx_psh        RTX_CM4.lib(rt_mailbox.o)
    0x08004624   0x000000b4   Code   RO         3702    i.rt_mbx_wait       RTX_CM4.lib(rt_mailbox.o)
    0x080046d8   0x00000044   Code   RO         2795    i.rt_ms2tick        RTX_CM4.lib(rt_cmsis.o)
    0x0800471c   0x000000d8   Code   RO         3455    i.rt_mut_release    RTX_CM4.lib(rt_mutex.o)
    0x080047f4   0x00000068   Code   RO         3456    i.rt_mut_wait       RTX_CM4.lib(rt_mutex.o)
    0x0800485c   0x0000007c   Code   RO         3492    i.rt_pop_req        RTX_CM4.lib(rt_system.o)
    0x080048d8   0x00000020   Code   RO         3493    i.rt_psh_req        RTX_CM4.lib(rt_system.o)
    0x080048f8   0x0000005c   Code   RO         3623    i.rt_psq_enq        RTX_CM4.lib(rt_list.o)
    0x08004954   0x00000048   Code   RO         3624    i.rt_put_dly        RTX_CM4.lib(rt_list.o)
    0x0800499c   0x00000036   Code   RO         3625    i.rt_put_prio       RTX_CM4.lib(rt_list.o)
    0x080049d2   0x00000002   PAD
    0x080049d4   0x00000014   Code   RO         3626    i.rt_put_rdy_first  RTX_CM4.lib(rt_list.o)
    0x080049e8   0x00000034   Code   RO         3627    i.rt_resort_prio    RTX_CM4.lib(rt_list.o)
    0x08004a1c   0x00000010   Code   RO         3898    i.rt_ret_regs       RTX_CM4.lib(hal_cm.o)
    0x08004a2c   0x0000000c   Code   RO         3899    i.rt_ret_val        RTX_CM4.lib(hal_cm.o)
    0x08004a38   0x00000010   Code   RO         3900    i.rt_ret_val2       RTX_CM4.lib(hal_cm.o)
    0x08004a48   0x00000028   Code   RO         3628    i.rt_rmv_dly        RTX_CM4.lib(rt_list.o)
    0x08004a70   0x00000030   Code   RO         3629    i.rt_rmv_list       RTX_CM4.lib(rt_list.o)
    0x08004aa0   0x00000034   Code   RO         3747    i.rt_sem_psh        RTX_CM4.lib(rt_semaphore.o)
    0x08004ad4   0x00000024   Code   RO         3495    i.rt_stk_check      RTX_CM4.lib(rt_system.o)
    0x08004af8   0x00000028   Code   RO         3372    i.rt_switch_req     RTX_CM4.lib(rt_task.o)
    0x08004b20   0x000000cc   Code   RO         3373    i.rt_sys_init       RTX_CM4.lib(rt_task.o)
    0x08004bec   0x00000078   Code   RO         3374    i.rt_sys_start      RTX_CM4.lib(rt_task.o)
    0x08004c64   0x00000040   Code   RO         3497    i.rt_systick        RTX_CM4.lib(rt_system.o)
    0x08004ca4   0x00000012   Code   RO         2796    i.rt_tid2ptcb       RTX_CM4.lib(rt_cmsis.o)
    0x08004cb6   0x00000002   PAD
    0x08004cb8   0x00000034   Code   RO         2797    i.rt_timer_insert   RTX_CM4.lib(rt_cmsis.o)
    0x08004cec   0x0000003c   Code   RO         2798    i.rt_timer_remove   RTX_CM4.lib(rt_cmsis.o)
    0x08004d28   0x00000088   Code   RO         3375    i.rt_tsk_create     RTX_CM4.lib(rt_task.o)
    0x08004db0   0x00000178   Code   RO         3376    i.rt_tsk_delete     RTX_CM4.lib(rt_task.o)
    0x08004f28   0x0000007c   Code   RO         3378    i.rt_tsk_prio       RTX_CM4.lib(rt_task.o)
    0x08004fa4   0x00000010   Code   RO         3379    i.rt_tsk_self       RTX_CM4.lib(rt_task.o)
    0x08004fb4   0x00000108   Code   RO           39    i.settings_menu     main.o
    0x080050bc   0x000001d0   Code   RO           40    i.settings_theme_submenu  main.o
    0x0800528c   0x00000070   Code   RO           41    i.splash_screen     main.o
    0x080052fc   0x00000012   Code   RO         2799    i.svcDelay          RTX_CM4.lib(rt_cmsis.o)
    0x0800530e   0x00000002   PAD
    0x08005310   0x00000070   Code   RO         2800    i.svcKernelInitialize  RTX_CM4.lib(rt_cmsis.o)
    0x08005380   0x00000048   Code   RO         2802    i.svcKernelStart    RTX_CM4.lib(rt_cmsis.o)
    0x080053c8   0x00000024   Code   RO         2805    i.svcMessageCreate  RTX_CM4.lib(rt_cmsis.o)
    0x080053ec   0x0000003a   Code   RO         2806    i.svcMessageGet     RTX_CM4.lib(rt_cmsis.o)
    0x08005426   0x00000024   Code   RO         2817    i.svcSignalClear    RTX_CM4.lib(rt_cmsis.o)
    0x0800544a   0x00000024   Code   RO         2818    i.svcSignalSet      RTX_CM4.lib(rt_cmsis.o)
    0x0800546e   0x00000002   PAD
    0x08005470   0x00000054   Code   RO         2819    i.svcSignalWait     RTX_CM4.lib(rt_cmsis.o)
    0x080054c4   0x00000070   Code   RO         2820    i.svcThreadCreate   RTX_CM4.lib(rt_cmsis.o)
    0x08005534   0x0000001c   Code   RO         2821    i.svcThreadGetId    RTX_CM4.lib(rt_cmsis.o)
    0x08005550   0x00000038   Code   RO         2824    i.svcThreadTerminate  RTX_CM4.lib(rt_cmsis.o)
    0x08005588   0x00000018   Code   RO         2826    i.svcTimerCall      RTX_CM4.lib(rt_cmsis.o)
    0x080055a0   0x00000038   Code   RO         2827    i.svcTimerCreate    RTX_CM4.lib(rt_cmsis.o)
    0x080055d8   0x00000064   Code   RO         2829    i.svcTimerStart     RTX_CM4.lib(rt_cmsis.o)
    0x0800563c   0x0000005c   Code   RO         2835    i.sysTimerTick      RTX_CM4.lib(rt_cmsis.o)
    0x08005698   0x000002d0   Code   RO           42    i.timer_menu        main.o
    0x08005968   0x000000ac   Code   RO           43    i.update_bars       main.o
    0x08005a14   0x0000000a   Code   RO         4167    x$fpl$fpinit        fz_wm.l(fpinit.o)
    0x08005a1e   0x00000002   PAD
    0x08005a20   0x000001a8   Data   RO           45    .constdata          main.o
    0x08005bc8   0x00000010   Data   RO          442    .constdata          timer.o
    0x08005bd8   0x000029d0   Data   RO         1962    .constdata          stm32f4_discovery_lcd.o
    0x080085a8   0x000000c0   Data   RO         2201    .constdata          adc.o
    0x08008668   0x00000056   Data   RO         2647    .constdata          rtx_conf_cm.o
    0x080086be   0x00000011   Data   RO         3992    .constdata          c_w.l(__printf_flags_wp.o)
    0x080086cf   0x00000001   PAD
    0x080086d0   0x00000161   Data   RO           46    .conststring        main.o
    0x08008831   0x00000003   PAD
    0x08008834   0x00000020   Data   RO         4201    Region$$Table       anon$$obj.o


    Execution Region ER_RW (Base: 0x20000000, Size: 0x00000124, Max: 0xffffffff, ABSOLUTE)

    Base Addr    Size         Type   Attr      Idx    E Section Name        Object

    0x20000000   0x00000078   Data   RW           47    .data               main.o
    0x20000078   0x00000018   Data   RW          443    .data               timer.o
    0x20000090   0x00000010   Data   RW         1359    .data               stm32f4xx_rcc.o
    0x200000a0   0x00000028   Data   RW         1963    .data               stm32f4_discovery_lcd.o
    0x200000c8   0x00000010   Data   RW         2532    .data               tm_stm32f4_i2c.o
    0x200000d8   0x00000024   Data   RW         2648    .data               rtx_conf_cm.o
    0x200000fc   0x00000008   Data   RW         2838    .data               RTX_CM4.lib(rt_cmsis.o)
    0x20000104   0x00000008   Data   RW         3381    .data               RTX_CM4.lib(rt_task.o)
    0x2000010c   0x00000008   Data   RW         3500    .data               RTX_CM4.lib(rt_system.o)
    0x20000114   0x00000004   Data   RW         3790    .data               RTX_CM4.lib(rt_time.o)
    0x20000118   0x00000008   Data   RW         3821    .data               RTX_CM4.lib(rt_robin.o)
    0x20000120   0x00000001   Data   RW         3901    .data               RTX_CM4.lib(hal_cm.o)


    Execution Region ER_ZI (Base: 0x20000124, Size: 0x0000317c, Max: 0xffffffff, ABSOLUTE)

    Base Addr    Size         Type   Attr      Idx    E Section Name        Object

    0x20000124   0x00000057   Zero   RW           44    .bss                main.o
    0x2000017b   0x00000001   PAD
    0x2000017c   0x00000030   Zero   RW          441    .bss                timer.o
    0x200001ac   0x00000016   Zero   RW         2414    .bss                tm_stm32f4_gpio.o
    0x200001c2   0x00000006   PAD
    0x200001c8   0x00002a14   Zero   RW         2646    .bss                rtx_conf_cm.o
    0x20002bdc   0x00000034   Zero   RW         3380    .bss                RTX_CM4.lib(rt_task.o)
    0x20002c10   0x00000030   Zero   RW         3630    .bss                RTX_CM4.lib(rt_list.o)
    0x20002c40   0x00000060   Zero   RW         3963    .bss                c_w.l(libspace.o)
    0x20002ca0   0x00000200   Zero   RW         2698    HEAP                startup_stm32f407xx.o
    0x20002ea0   0x00000400   Zero   RW         2697    STACK               startup_stm32f407xx.o


==============================================================================

Image component sizes


      Code (inc. data)   RO Data    RW Data    ZI Data      Debug   Object Name

       400         32        192          0          0       3123   adc.o
      7654       1070        777        120         87     299194   main.o
       120         14          0          0          0       2972   misc.o
       124         26         86         36      10772       9235   rtx_conf_cm.o
        64         26        392          0       1536        864   startup_stm32f407xx.o
      1884        112      10704         40          0      17618   stm32f4_discovery_lcd.o
       406         24          0          0          0      21394   stm32f4xx_adc.o
       200         18          0          0          0       4948   stm32f4xx_exti.o
       282          6          0          0          0      10117   stm32f4xx_fsmc.o
       268          0          0          0          0       5285   stm32f4xx_gpio.o
       274         14          0          0          0      10328   stm32f4xx_i2c.o
       328         36          0         16          0      17783   stm32f4xx_rcc.o
        64          4          0          0          0        728   stm32f4xx_syscfg.o
       428          8          0          0          0      11501   stm32f4xx_usart.o
       100         18          0          0          0        525   system_stm32f4xx.o
       156         38         16         24         48      21702   timer.o
       562         66          0          0          0      10975   tm_stm32f4_ds1307.o
       332         10          0          0         22       3697   tm_stm32f4_gpio.o
      1086         92          0         16          0       8637   tm_stm32f4_i2c.o

    ----------------------------------------------------------------------
     14752       1614      12202        252      12472     460626   Object Totals
         0          0         32          0          0          0   (incl. Generated)
        20          0          3          0          7          0   (incl. Padding)

    ----------------------------------------------------------------------

      Code (inc. data)   RO Data    RW Data    ZI Data      Debug   Library Member Name

       268         24          0          1          0       4372   hal_cm.o
       408         34          0          0          0        804   hal_cm4.o
      1716        190          0          8          0      43299   rt_cmsis.o
       300         24          0          0          0       3331   rt_event.o
       530         34          0          0         48       8525   rt_list.o
       550         10          0          0          0       4125   rt_mailbox.o
       140          0          0          0          0       2009   rt_membox.o
       128          0          0          0          0       2383   rt_memory.o
       320         12          0          0          0       1679   rt_mutex.o
        96         22          0          8          0       1206   rt_robin.o
        52          4          0          0          0        605   rt_semaphore.o
       298         52          0          8          0       6379   rt_system.o
      1212        174          0          8         52       9933   rt_task.o
         6          0          0          4          0        668   rt_time.o
         4          4          0          0          0        188   svc_table.o
         8          0          0          0          0         68   __main.o
       312          4         17          0          0         92   __printf_flags_wp.o
        14          0          0          0          0         68   __printf_wp.o
         0          0          0          0          0          0   __rtentry.o
        20          0          0          0          0          0   __rtentry2.o
         6          0          0          0          0          0   __rtentry4.o
        52          8          0          0          0          0   __scatter.o
        26          0          0          0          0          0   __scatter_copy.o
        28          0          0          0          0          0   __scatter_zi.o
        44          0          0          0          0        108   _printf_char.o
        48          6          0          0          0         96   _printf_char_common.o
         6          0          0          0          0          0   _printf_d.o
       120         16          0          0          0         92   _printf_dec.o
       178          0          0          0          0         88   _printf_intcommon.o
        78          0          0          0          0        108   _printf_pad.o
         0          0          0          0          0          0   _printf_percent.o
         4          0          0          0          0          0   _printf_percent_end.o
         6          0          0          0          0          0   _printf_s.o
        82          0          0          0          0         80   _printf_str.o
        10          0          0          0          0         68   _sputc.o
        18          0          0          0          0         80   exit.o
         6          0          0          0          0        152   heapauxi.o
         0          0          0          0          0          0   indicate_semi.o
         2          0          0          0          0          0   libinit.o
         6          0          0          0          0          0   libinit2.o
         2          0          0          0          0          0   libshutdown.o
         2          0          0          0          0          0   libshutdown2.o
         8          4          0          0         96         68   libspace.o
       238          0          0          0          0        100   lludivv7m.o
        40          6          0          0          0         84   noretval__2sprintf.o
       100          0          0          0          0         80   rt_memcpy_w.o
         2          0          0          0          0          0   rtexit.o
        10          0          0          0          0          0   rtexit2.o
       128          0          0          0          0         68   strcmpv7m.o
        72          0          0          0          0         80   strcpy.o
        62          0          0          0          0         76   strlen.o
        36          0          0          0          0         80   strstr.o
        12          4          0          0          0         68   sys_exit.o
        74          0          0          0          0         80   sys_stackheap_outer.o
         2          0          0          0          0         68   use_no_semi.o
        10          0          0          0          0        116   fpinit.o

    ----------------------------------------------------------------------
      7928        632         18         40        196      91574   Library Totals
        28          0          1          3          0          0   (incl. Padding)

    ----------------------------------------------------------------------

      Code (inc. data)   RO Data    RW Data    ZI Data      Debug   Library Name

      6028        584          0         37        100      89506   RTX_CM4.lib
      1862         48         17          0         96       1952   c_w.l
        10          0          0          0          0        116   fz_wm.l

    ----------------------------------------------------------------------
      7928        632         18         40        196      91574   Library Totals

    ----------------------------------------------------------------------

==============================================================================


      Code (inc. data)   RO Data    RW Data    ZI Data      Debug   

     22680       2246      12220        292      12668     528912   Grand Totals
     22680       2246      12220        292      12668     528912   ELF Image Totals
     22680       2246      12220        292          0          0   ROM Totals

==============================================================================

    Total RO  Size (Code + RO Data)                34900 (  34.08kB)
    Total RW  Size (RW Data + ZI Data)             12960 (  12.66kB)
    Total ROM Size (Code + RO Data + RW Data)      35192 (  34.37kB)

==============================================================================

